2025-10-29 23:00:34,170 - INFO - ø™ º¥” d:\switch\code\lm‘≠∞Ê\common_msbt_Export ∑≠“ÎŒƒº˛...
2025-10-29 23:00:34,173 - INFO - ’“µΩ 9 ∏ˆ–Ë“™∑≠“ÎµƒŒƒº˛
2025-10-29 23:00:34,174 - INFO - ø™ º∑≠“ÎŒƒº˛: english_dlp_whitelist_monsname.json
2025-10-29 23:00:34,612 - WARNING - ∑≠“Î ß∞‹ (≥¢ ‘ 1/3): Egg... - ∑≠“ÎAPI¥ÌŒÛ: 102
2025-10-29 23:00:35,962 - WARNING - ∑≠“Î ß∞‹ (≥¢ ‘ 2/3): Egg... - ∑≠“ÎAPI¥ÌŒÛ: 102
2025-10-29 23:00:37,309 - WARNING - ∑≠“Î ß∞‹ (≥¢ ‘ 3/3): Egg... - ∑≠“ÎAPI¥ÌŒÛ: 102
2025-10-29 23:00:37,676 - WARNING - ∑≠“Î ß∞‹ (≥¢ ‘ 1/3): Bulbasaur... - ∑≠“ÎAPI¥ÌŒÛ: 102
2025-10-29 23:00:39,113 - WARNING - ∑≠“Î ß∞‹ (≥¢ ‘ 2/3): Bulbasaur... - ∑≠“ÎAPI¥ÌŒÛ: 102
2025-10-29 23:00:40,482 - WARNING - ∑≠“Î ß∞‹ (≥¢ ‘ 3/3): Bulbasaur... - ∑≠“ÎAPI¥ÌŒÛ: 102
2025-10-29 23:00:40,825 - WARNING - ∑≠“Î ß∞‹ (≥¢ ‘ 1/3): Ivysaur... - ∑≠“ÎAPI¥ÌŒÛ: 411
2025-10-29 23:00:42,188 - WARNING - ∑≠“Î ß∞‹ (≥¢ ‘ 2/3): Ivysaur... - ∑≠“ÎAPI¥ÌŒÛ: 411
2025-10-29 23:00:43,550 - WARNING - ∑≠“Î ß∞‹ (≥¢ ‘ 3/3): Ivysaur... - ∑≠“ÎAPI¥ÌŒÛ: 411
2025-10-29 23:00:43,918 - WARNING - ∑≠“Î ß∞‹ (≥¢ ‘ 1/3): Venusaur... - ∑≠“ÎAPI¥ÌŒÛ: 411
2025-10-29 23:00:45,293 - WARNING - ∑≠“Î ß∞‹ (≥¢ ‘ 2/3): Venusaur... - ∑≠“ÎAPI¥ÌŒÛ: 411
2025-10-29 23:00:46,700 - WARNING - ∑≠“Î ß∞‹ (≥¢ ‘ 3/3): Venusaur... - ∑≠“ÎAPI¥ÌŒÛ: 411
2025-10-29 23:00:47,076 - WARNING - ∑≠“Î ß∞‹ (≥¢ ‘ 1/3): Charmander... - ∑≠“ÎAPI¥ÌŒÛ: 411
2025-10-29 23:00:48,426 - WARNING - ∑≠“Î ß∞‹ (≥¢ ‘ 2/3): Charmander... - ∑≠“ÎAPI¥ÌŒÛ: 411
2025-10-29 23:00:49,775 - WARNING - ∑≠“Î ß∞‹ (≥¢ ‘ 3/3): Charmander... - ∑≠“ÎAPI¥ÌŒÛ: 411
2025-10-29 23:00:50,123 - WARNING - ∑≠“Î ß∞‹ (≥¢ ‘ 1/3): Charmeleon... - ∑≠“ÎAPI¥ÌŒÛ: 411
2025-10-29 23:00:51,469 - WARNING - ∑≠“Î ß∞‹ (≥¢ ‘ 2/3): Charmeleon... - ∑≠“ÎAPI¥ÌŒÛ: 411
2025-10-29 23:00:52,801 - WARNING - ∑≠“Î ß∞‹ (≥¢ ‘ 3/3): Charmeleon... - ∑≠“ÎAPI¥ÌŒÛ: 411
2025-10-29 23:00:53,165 - WARNING - ∑≠“Î ß∞‹ (≥¢ ‘ 1/3): Charizard... - ∑≠“ÎAPI¥ÌŒÛ: 411
2025-10-29 23:00:54,532 - WARNING - ∑≠“Î ß∞‹ (≥¢ ‘ 2/3): Charizard... - ∑≠“ÎAPI¥ÌŒÛ: 411
2025-10-29 23:00:55,870 - WARNING - ∑≠“Î ß∞‹ (≥¢ ‘ 3/3): Charizard... - ∑≠“ÎAPI¥ÌŒÛ: 411
2025-10-29 23:00:56,218 - WARNING - ∑≠“Î ß∞‹ (≥¢ ‘ 1/3): Squirtle... - ∑≠“ÎAPI¥ÌŒÛ: 411
2025-10-29 23:00:57,583 - WARNING - ∑≠“Î ß∞‹ (≥¢ ‘ 2/3): Squirtle... - ∑≠“ÎAPI¥ÌŒÛ: 411
2025-10-29 23:00:58,957 - WARNING - ∑≠“Î ß∞‹ (≥¢ ‘ 3/3): Squirtle... - ∑≠“ÎAPI¥ÌŒÛ: 411
2025-10-29 23:00:59,320 - WARNING - ∑≠“Î ß∞‹ (≥¢ ‘ 1/3): Wartortle... - ∑≠“ÎAPI¥ÌŒÛ: 411
2025-10-29 23:01:00,662 - WARNING - ∑≠“Î ß∞‹ (≥¢ ‘ 2/3): Wartortle... - ∑≠“ÎAPI¥ÌŒÛ: 411
2025-10-29 23:01:02,028 - WARNING - ∑≠“Î ß∞‹ (≥¢ ‘ 3/3): Wartortle... - ∑≠“ÎAPI¥ÌŒÛ: 411
2025-10-29 23:01:02,377 - WARNING - ∑≠“Î ß∞‹ (≥¢ ‘ 1/3): Blastoise... - ∑≠“ÎAPI¥ÌŒÛ: 411
2025-10-29 23:01:03,720 - WARNING - ∑≠“Î ß∞‹ (≥¢ ‘ 2/3): Blastoise... - ∑≠“ÎAPI¥ÌŒÛ: 411
2025-10-29 23:01:05,057 - WARNING - ∑≠“Î ß∞‹ (≥¢ ‘ 3/3): Blastoise... - ∑≠“ÎAPI¥ÌŒÛ: 102
2025-10-29 23:01:05,392 - WARNING - ∑≠“Î ß∞‹ (≥¢ ‘ 1/3): Caterpie... - ∑≠“ÎAPI¥ÌŒÛ: 102
2025-10-29 23:01:06,757 - WARNING - ∑≠“Î ß∞‹ (≥¢ ‘ 2/3): Caterpie... - ∑≠“ÎAPI¥ÌŒÛ: 102
2025-10-29 23:01:08,111 - WARNING - ∑≠“Î ß∞‹ (≥¢ ‘ 3/3): Caterpie... - ∑≠“ÎAPI¥ÌŒÛ: 102
2025-10-29 23:01:08,449 - WARNING - ∑≠“Î ß∞‹ (≥¢ ‘ 1/3): Metapod... - ∑≠“ÎAPI¥ÌŒÛ: 102
2025-10-29 23:01:09,813 - WARNING - ∑≠“Î ß∞‹ (≥¢ ‘ 2/3): Metapod... - ∑≠“ÎAPI¥ÌŒÛ: 102
2025-10-29 23:01:11,161 - WARNING - ∑≠“Î ß∞‹ (≥¢ ‘ 3/3): Metapod... - ∑≠“ÎAPI¥ÌŒÛ: 411
2025-10-29 23:01:11,530 - WARNING - ∑≠“Î ß∞‹ (≥¢ ‘ 1/3): Butterfree... - ∑≠“ÎAPI¥ÌŒÛ: 411
2025-10-29 23:01:12,887 - WARNING - ∑≠“Î ß∞‹ (≥¢ ‘ 2/3): Butterfree... - ∑≠“ÎAPI¥ÌŒÛ: 411
2025-10-29 23:01:14,259 - WARNING - ∑≠“Î ß∞‹ (≥¢ ‘ 3/3): Butterfree... - ∑≠“ÎAPI¥ÌŒÛ: 411
2025-10-29 23:01:14,624 - WARNING - ∑≠“Î ß∞‹ (≥¢ ‘ 1/3): Weedle... - ∑≠“ÎAPI¥ÌŒÛ: 411
2025-10-29 23:01:16,003 - WARNING - ∑≠“Î ß∞‹ (≥¢ ‘ 2/3): Weedle... - ∑≠“ÎAPI¥ÌŒÛ: 411
2025-10-29 23:01:17,363 - WARNING - ∑≠“Î ß∞‹ (≥¢ ‘ 3/3): Weedle... - ∑≠“ÎAPI¥ÌŒÛ: 411
2025-10-29 23:01:17,738 - WARNING - ∑≠“Î ß∞‹ (≥¢ ‘ 1/3): Kakuna... - ∑≠“ÎAPI¥ÌŒÛ: 411
2025-10-29 23:01:19,130 - WARNING - ∑≠“Î ß∞‹ (≥¢ ‘ 2/3): Kakuna... - ∑≠“ÎAPI¥ÌŒÛ: 411
2025-10-29 23:01:20,534 - WARNING - ∑≠“Î ß∞‹ (≥¢ ‘ 3/3): Kakuna... - ∑≠“ÎAPI¥ÌŒÛ: 411
2025-10-29 23:01:20,902 - WARNING - ∑≠“Î ß∞‹ (≥¢ ‘ 1/3): Beedrill... - ∑≠“ÎAPI¥ÌŒÛ: 411
2025-10-29 23:01:22,318 - WARNING - ∑≠“Î ß∞‹ (≥¢ ‘ 2/3): Beedrill... - ∑≠“ÎAPI¥ÌŒÛ: 411
2025-10-29 23:01:23,705 - WARNING - ∑≠“Î ß∞‹ (≥¢ ‘ 3/3): Beedrill... - ∑≠“ÎAPI¥ÌŒÛ: 411
2025-10-29 23:01:24,073 - WARNING - ∑≠“Î ß∞‹ (≥¢ ‘ 1/3): Pidgey... - ∑≠“ÎAPI¥ÌŒÛ: 411
2025-10-29 23:01:25,433 - WARNING - ∑≠“Î ß∞‹ (≥¢ ‘ 2/3): Pidgey... - ∑≠“ÎAPI¥ÌŒÛ: 411
2025-10-29 23:01:26,793 - WARNING - ∑≠“Î ß∞‹ (≥¢ ‘ 3/3): Pidgey... - ∑≠“ÎAPI¥ÌŒÛ: 411
2025-10-29 23:01:27,171 - WARNING - ∑≠“Î ß∞‹ (≥¢ ‘ 1/3): Pidgeotto... - ∑≠“ÎAPI¥ÌŒÛ: 411
2025-10-29 23:01:28,566 - WARNING - ∑≠“Î ß∞‹ (≥¢ ‘ 2/3): Pidgeotto... - ∑≠“ÎAPI¥ÌŒÛ: 411
2025-10-29 23:01:29,963 - WARNING - ∑≠“Î ß∞‹ (≥¢ ‘ 3/3): Pidgeotto... - ∑≠“ÎAPI¥ÌŒÛ: 411
2025-10-29 23:01:30,378 - WARNING - ∑≠“Î ß∞‹ (≥¢ ‘ 1/3): Pidgeot... - ∑≠“ÎAPI¥ÌŒÛ: 411
2025-10-29 23:01:31,744 - WARNING - ∑≠“Î ß∞‹ (≥¢ ‘ 2/3): Pidgeot... - ∑≠“ÎAPI¥ÌŒÛ: 411
2025-10-29 23:01:33,106 - WARNING - ∑≠“Î ß∞‹ (≥¢ ‘ 3/3): Pidgeot... - ∑≠“ÎAPI¥ÌŒÛ: 411
2025-10-29 23:01:33,521 - WARNING - ∑≠“Î ß∞‹ (≥¢ ‘ 1/3): Rattata... - ∑≠“ÎAPI¥ÌŒÛ: 411
2025-10-29 23:01:34,895 - WARNING - ∑≠“Î ß∞‹ (≥¢ ‘ 2/3): Rattata... - ∑≠“ÎAPI¥ÌŒÛ: 411
2025-10-29 23:01:36,255 - WARNING - ∑≠“Î ß∞‹ (≥¢ ‘ 3/3): Rattata... - ∑≠“ÎAPI¥ÌŒÛ: 102
2025-10-29 23:01:36,643 - WARNING - ∑≠“Î ß∞‹ (≥¢ ‘ 1/3): Raticate... - ∑≠“ÎAPI¥ÌŒÛ: 102
2025-10-29 23:01:38,031 - WARNING - ∑≠“Î ß∞‹ (≥¢ ‘ 2/3): Raticate... - ∑≠“ÎAPI¥ÌŒÛ: 102
2025-10-29 23:01:39,429 - WARNING - ∑≠“Î ß∞‹ (≥¢ ‘ 3/3): Raticate... - ∑≠“ÎAPI¥ÌŒÛ: 102
2025-10-29 23:01:39,800 - WARNING - ∑≠“Î ß∞‹ (≥¢ ‘ 1/3): Spearow... - ∑≠“ÎAPI¥ÌŒÛ: 102
2025-10-29 23:01:41,175 - WARNING - ∑≠“Î ß∞‹ (≥¢ ‘ 2/3): Spearow... - ∑≠“ÎAPI¥ÌŒÛ: 102
2025-10-29 23:01:42,569 - WARNING - ∑≠“Î ß∞‹ (≥¢ ‘ 3/3): Spearow... - ∑≠“ÎAPI¥ÌŒÛ: 411
2025-10-29 23:01:42,947 - WARNING - ∑≠“Î ß∞‹ (≥¢ ‘ 1/3): Fearow... - ∑≠“ÎAPI¥ÌŒÛ: 411
2025-10-29 23:01:44,375 - WARNING - ∑≠“Î ß∞‹ (≥¢ ‘ 2/3): Fearow... - ∑≠“ÎAPI¥ÌŒÛ: 411
2025-10-29 23:01:45,767 - WARNING - ∑≠“Î ß∞‹ (≥¢ ‘ 3/3): Fearow... - ∑≠“ÎAPI¥ÌŒÛ: 411
2025-10-29 23:01:46,128 - WARNING - ∑≠“Î ß∞‹ (≥¢ ‘ 1/3): Ekans... - ∑≠“ÎAPI¥ÌŒÛ: 411
2025-10-29 23:01:47,553 - WARNING - ∑≠“Î ß∞‹ (≥¢ ‘ 2/3): Ekans... - ∑≠“ÎAPI¥ÌŒÛ: 411
2025-10-29 23:01:48,945 - WARNING - ∑≠“Î ß∞‹ (≥¢ ‘ 3/3): Ekans... - ∑≠“ÎAPI¥ÌŒÛ: 411
2025-10-29 23:01:49,310 - WARNING - ∑≠“Î ß∞‹ (≥¢ ‘ 1/3): Arbok... - ∑≠“ÎAPI¥ÌŒÛ: 411
2025-10-29 23:01:50,709 - WARNING - ∑≠“Î ß∞‹ (≥¢ ‘ 2/3): Arbok... - ∑≠“ÎAPI¥ÌŒÛ: 411
2025-10-29 23:01:52,073 - WARNING - ∑≠“Î ß∞‹ (≥¢ ‘ 3/3): Arbok... - ∑≠“ÎAPI¥ÌŒÛ: 411
2025-10-29 23:01:52,442 - WARNING - ∑≠“Î ß∞‹ (≥¢ ‘ 1/3): Pikachu... - ∑≠“ÎAPI¥ÌŒÛ: 411
2025-10-29 23:01:53,820 - WARNING - ∑≠“Î ß∞‹ (≥¢ ‘ 2/3): Pikachu... - ∑≠“ÎAPI¥ÌŒÛ: 411
2025-10-29 23:01:55,172 - WARNING - ∑≠“Î ß∞‹ (≥¢ ‘ 3/3): Pikachu... - ∑≠“ÎAPI¥ÌŒÛ: 411
2025-10-29 23:01:55,552 - WARNING - ∑≠“Î ß∞‹ (≥¢ ‘ 1/3): Raichu... - ∑≠“ÎAPI¥ÌŒÛ: 411
2025-10-29 23:01:56,925 - WARNING - ∑≠“Î ß∞‹ (≥¢ ‘ 2/3): Raichu... - ∑≠“ÎAPI¥ÌŒÛ: 411
2025-10-29 23:01:58,313 - WARNING - ∑≠“Î ß∞‹ (≥¢ ‘ 3/3): Raichu... - ∑≠“ÎAPI¥ÌŒÛ: 411
2025-10-29 23:01:58,708 - WARNING - ∑≠“Î ß∞‹ (≥¢ ‘ 1/3): Sandshrew... - ∑≠“ÎAPI¥ÌŒÛ: 411
2025-10-29 23:02:00,085 - WARNING - ∑≠“Î ß∞‹ (≥¢ ‘ 2/3): Sandshrew... - ∑≠“ÎAPI¥ÌŒÛ: 411
2025-10-29 23:02:01,457 - WARNING - ∑≠“Î ß∞‹ (≥¢ ‘ 3/3): Sandshrew... - ∑≠“ÎAPI¥ÌŒÛ: 411
2025-10-29 23:02:01,836 - WARNING - ∑≠“Î ß∞‹ (≥¢ ‘ 1/3): Sandslash... - ∑≠“ÎAPI¥ÌŒÛ: 411
2025-10-29 23:02:03,238 - WARNING - ∑≠“Î ß∞‹ (≥¢ ‘ 2/3): Sandslash... - ∑≠“ÎAPI¥ÌŒÛ: 411
2025-10-29 23:02:04,616 - WARNING - ∑≠“Î ß∞‹ (≥¢ ‘ 3/3): Sandslash... - ∑≠“ÎAPI¥ÌŒÛ: 411
2025-10-29 23:02:04,971 - WARNING - ∑≠“Î ß∞‹ (≥¢ ‘ 1/3): Nidoran°‚... - ∑≠“ÎAPI¥ÌŒÛ: 411
2025-10-29 23:02:06,369 - WARNING - ∑≠“Î ß∞‹ (≥¢ ‘ 2/3): Nidoran°‚... - ∑≠“ÎAPI¥ÌŒÛ: 102
2025-10-29 23:02:07,743 - WARNING - ∑≠“Î ß∞‹ (≥¢ ‘ 3/3): Nidoran°‚... - ∑≠“ÎAPI¥ÌŒÛ: 102
2025-10-29 23:02:08,130 - WARNING - ∑≠“Î ß∞‹ (≥¢ ‘ 1/3): Nidorina... - ∑≠“ÎAPI¥ÌŒÛ: 102
2025-10-29 23:02:09,555 - WARNING - ∑≠“Î ß∞‹ (≥¢ ‘ 2/3): Nidorina... - ∑≠“ÎAPI¥ÌŒÛ: 102
2025-10-29 23:02:10,976 - WARNING - ∑≠“Î ß∞‹ (≥¢ ‘ 3/3): Nidorina... - ∑≠“ÎAPI¥ÌŒÛ: 102
2025-10-29 23:02:11,350 - WARNING - ∑≠“Î ß∞‹ (≥¢ ‘ 1/3): Nidoqueen... - ∑≠“ÎAPI¥ÌŒÛ: 102
2025-10-29 23:02:12,718 - WARNING - ∑≠“Î ß∞‹ (≥¢ ‘ 2/3): Nidoqueen... - ∑≠“ÎAPI¥ÌŒÛ: 411
2025-10-29 23:02:14,116 - WARNING - ∑≠“Î ß∞‹ (≥¢ ‘ 3/3): Nidoqueen... - ∑≠“ÎAPI¥ÌŒÛ: 411
2025-10-29 23:02:14,489 - WARNING - ∑≠“Î ß∞‹ (≥¢ ‘ 1/3): Nidoran°·... - ∑≠“ÎAPI¥ÌŒÛ: 411
2025-10-29 23:02:15,865 - WARNING - ∑≠“Î ß∞‹ (≥¢ ‘ 2/3): Nidoran°·... - ∑≠“ÎAPI¥ÌŒÛ: 411
2025-10-29 23:02:17,264 - WARNING - ∑≠“Î ß∞‹ (≥¢ ‘ 3/3): Nidoran°·... - ∑≠“ÎAPI¥ÌŒÛ: 411
2025-10-29 23:02:17,650 - WARNING - ∑≠“Î ß∞‹ (≥¢ ‘ 1/3): Nidorino... - ∑≠“ÎAPI¥ÌŒÛ: 411
2025-10-29 23:02:19,098 - WARNING - ∑≠“Î ß∞‹ (≥¢ ‘ 2/3): Nidorino... - ∑≠“ÎAPI¥ÌŒÛ: 411
2025-10-29 23:02:20,471 - WARNING - ∑≠“Î ß∞‹ (≥¢ ‘ 3/3): Nidorino... - ∑≠“ÎAPI¥ÌŒÛ: 411
2025-10-29 23:02:20,890 - WARNING - ∑≠“Î ß∞‹ (≥¢ ‘ 1/3): Nidoking... - ∑≠“ÎAPI¥ÌŒÛ: 411
2025-10-29 23:02:22,247 - WARNING - ∑≠“Î ß∞‹ (≥¢ ‘ 2/3): Nidoking... - ∑≠“ÎAPI¥ÌŒÛ: 411
2025-10-29 23:02:23,640 - WARNING - ∑≠“Î ß∞‹ (≥¢ ‘ 3/3): Nidoking... - ∑≠“ÎAPI¥ÌŒÛ: 411
2025-10-29 23:02:23,995 - WARNING - ∑≠“Î ß∞‹ (≥¢ ‘ 1/3): Clefairy... - ∑≠“ÎAPI¥ÌŒÛ: 411
2025-10-29 23:02:25,358 - WARNING - ∑≠“Î ß∞‹ (≥¢ ‘ 2/3): Clefairy... - ∑≠“ÎAPI¥ÌŒÛ: 411
2025-10-29 23:02:26,744 - WARNING - ∑≠“Î ß∞‹ (≥¢ ‘ 3/3): Clefairy... - ∑≠“ÎAPI¥ÌŒÛ: 411
2025-10-29 23:02:27,127 - WARNING - ∑≠“Î ß∞‹ (≥¢ ‘ 1/3): Clefable... - ∑≠“ÎAPI¥ÌŒÛ: 411
2025-10-29 23:02:28,515 - WARNING - ∑≠“Î ß∞‹ (≥¢ ‘ 2/3): Clefable... - ∑≠“ÎAPI¥ÌŒÛ: 411
2025-10-29 23:02:29,907 - WARNING - ∑≠“Î ß∞‹ (≥¢ ‘ 3/3): Clefable... - ∑≠“ÎAPI¥ÌŒÛ: 411
2025-10-29 23:02:30,283 - WARNING - ∑≠“Î ß∞‹ (≥¢ ‘ 1/3): Vulpix... - ∑≠“ÎAPI¥ÌŒÛ: 411
2025-10-29 23:02:31,647 - WARNING - ∑≠“Î ß∞‹ (≥¢ ‘ 2/3): Vulpix... - ∑≠“ÎAPI¥ÌŒÛ: 411
2025-10-29 23:02:33,034 - WARNING - ∑≠“Î ß∞‹ (≥¢ ‘ 3/3): Vulpix... - ∑≠“ÎAPI¥ÌŒÛ: 411
2025-10-29 23:02:33,421 - WARNING - ∑≠“Î ß∞‹ (≥¢ ‘ 1/3): Ninetales... - ∑≠“ÎAPI¥ÌŒÛ: 411
2025-10-29 23:02:34,854 - WARNING - ∑≠“Î ß∞‹ (≥¢ ‘ 2/3): Ninetales... - ∑≠“ÎAPI¥ÌŒÛ: 411
2025-10-29 23:02:36,265 - WARNING - ∑≠“Î ß∞‹ (≥¢ ‘ 3/3): Ninetales... - ∑≠“ÎAPI¥ÌŒÛ: 411
2025-10-29 23:02:36,648 - WARNING - ∑≠“Î ß∞‹ (≥¢ ‘ 1/3): Jigglypuff... - ∑≠“ÎAPI¥ÌŒÛ: 102
2025-10-29 23:02:38,040 - WARNING - ∑≠“Î ß∞‹ (≥¢ ‘ 2/3): Jigglypuff... - ∑≠“ÎAPI¥ÌŒÛ: 102
2025-10-29 23:02:39,401 - WARNING - ∑≠“Î ß∞‹ (≥¢ ‘ 3/3): Jigglypuff... - ∑≠“ÎAPI¥ÌŒÛ: 102
2025-10-29 23:02:39,770 - WARNING - ∑≠“Î ß∞‹ (≥¢ ‘ 1/3): Wigglytuff... - ∑≠“ÎAPI¥ÌŒÛ: 102
2025-10-29 23:02:41,198 - WARNING - ∑≠“Î ß∞‹ (≥¢ ‘ 2/3): Wigglytuff... - ∑≠“ÎAPI¥ÌŒÛ: 102
2025-10-29 23:02:42,606 - WARNING - ∑≠“Î ß∞‹ (≥¢ ‘ 3/3): Wigglytuff... - ∑≠“ÎAPI¥ÌŒÛ: 102
2025-10-29 23:02:43,008 - WARNING - ∑≠“Î ß∞‹ (≥¢ ‘ 1/3): Zubat... - ∑≠“ÎAPI¥ÌŒÛ: 411
2025-10-29 23:02:44,377 - WARNING - ∑≠“Î ß∞‹ (≥¢ ‘ 2/3): Zubat... - ∑≠“ÎAPI¥ÌŒÛ: 411
2025-10-29 23:02:45,762 - WARNING - ∑≠“Î ß∞‹ (≥¢ ‘ 3/3): Zubat... - ∑≠“ÎAPI¥ÌŒÛ: 411
2025-10-29 23:02:46,172 - WARNING - ∑≠“Î ß∞‹ (≥¢ ‘ 1/3): Golbat... - ∑≠“ÎAPI¥ÌŒÛ: 411
2025-10-29 23:02:47,541 - WARNING - ∑≠“Î ß∞‹ (≥¢ ‘ 2/3): Golbat... - ∑≠“ÎAPI¥ÌŒÛ: 411
2025-10-29 23:02:48,951 - WARNING - ∑≠“Î ß∞‹ (≥¢ ‘ 3/3): Golbat... - ∑≠“ÎAPI¥ÌŒÛ: 411
2025-10-29 23:02:49,332 - WARNING - ∑≠“Î ß∞‹ (≥¢ ‘ 1/3): Oddish... - ∑≠“ÎAPI¥ÌŒÛ: 411
2025-10-29 23:02:50,710 - WARNING - ∑≠“Î ß∞‹ (≥¢ ‘ 2/3): Oddish... - ∑≠“ÎAPI¥ÌŒÛ: 411
2025-10-29 23:02:52,106 - WARNING - ∑≠“Î ß∞‹ (≥¢ ‘ 3/3): Oddish... - ∑≠“ÎAPI¥ÌŒÛ: 411
2025-10-29 23:02:52,493 - WARNING - ∑≠“Î ß∞‹ (≥¢ ‘ 1/3): Gloom... - ∑≠“ÎAPI¥ÌŒÛ: 411
2025-10-29 23:02:53,893 - WARNING - ∑≠“Î ß∞‹ (≥¢ ‘ 2/3): Gloom... - ∑≠“ÎAPI¥ÌŒÛ: 411
2025-10-29 23:02:55,265 - WARNING - ∑≠“Î ß∞‹ (≥¢ ‘ 3/3): Gloom... - ∑≠“ÎAPI¥ÌŒÛ: 411
2025-10-29 23:02:55,651 - WARNING - ∑≠“Î ß∞‹ (≥¢ ‘ 1/3): Vileplume... - ∑≠“ÎAPI¥ÌŒÛ: 411
2025-10-29 23:02:57,052 - WARNING - ∑≠“Î ß∞‹ (≥¢ ‘ 2/3): Vileplume... - ∑≠“ÎAPI¥ÌŒÛ: 411
2025-10-29 23:02:58,431 - WARNING - ∑≠“Î ß∞‹ (≥¢ ‘ 3/3): Vileplume... - ∑≠“ÎAPI¥ÌŒÛ: 411
2025-10-29 23:02:58,808 - WARNING - ∑≠“Î ß∞‹ (≥¢ ‘ 1/3): Paras... - ∑≠“ÎAPI¥ÌŒÛ: 411
2025-10-29 23:03:00,181 - WARNING - ∑≠“Î ß∞‹ (≥¢ ‘ 2/3): Paras... - ∑≠“ÎAPI¥ÌŒÛ: 411
2025-10-29 23:03:01,605 - WARNING - ∑≠“Î ß∞‹ (≥¢ ‘ 3/3): Paras... - ∑≠“ÎAPI¥ÌŒÛ: 411
2025-10-29 23:03:01,986 - WARNING - ∑≠“Î ß∞‹ (≥¢ ‘ 1/3): Parasect... - ∑≠“ÎAPI¥ÌŒÛ: 411
2025-10-29 23:03:03,350 - WARNING - ∑≠“Î ß∞‹ (≥¢ ‘ 2/3): Parasect... - ∑≠“ÎAPI¥ÌŒÛ: 411
2025-10-29 23:03:04,744 - WARNING - ∑≠“Î ß∞‹ (≥¢ ‘ 3/3): Parasect... - ∑≠“ÎAPI¥ÌŒÛ: 411
2025-10-29 23:03:05,143 - WARNING - ∑≠“Î ß∞‹ (≥¢ ‘ 1/3): Venonat... - ∑≠“ÎAPI¥ÌŒÛ: 411
2025-10-29 23:03:06,511 - WARNING - ∑≠“Î ß∞‹ (≥¢ ‘ 2/3): Venonat... - ∑≠“ÎAPI¥ÌŒÛ: 411
2025-10-29 23:03:07,923 - WARNING - ∑≠“Î ß∞‹ (≥¢ ‘ 3/3): Venonat... - ∑≠“ÎAPI¥ÌŒÛ: 102
2025-10-29 23:03:08,311 - WARNING - ∑≠“Î ß∞‹ (≥¢ ‘ 1/3): Venomoth... - ∑≠“ÎAPI¥ÌŒÛ: 102
2025-10-29 23:03:09,666 - WARNING - ∑≠“Î ß∞‹ (≥¢ ‘ 2/3): Venomoth... - ∑≠“ÎAPI¥ÌŒÛ: 102
2025-10-29 23:03:11,063 - WARNING - ∑≠“Î ß∞‹ (≥¢ ‘ 3/3): Venomoth... - ∑≠“ÎAPI¥ÌŒÛ: 102
2025-10-29 23:03:11,436 - WARNING - ∑≠“Î ß∞‹ (≥¢ ‘ 1/3): Diglett... - ∑≠“ÎAPI¥ÌŒÛ: 102
2025-10-29 23:03:12,861 - WARNING - ∑≠“Î ß∞‹ (≥¢ ‘ 2/3): Diglett... - ∑≠“ÎAPI¥ÌŒÛ: 102
2025-10-29 23:03:14,231 - WARNING - ∑≠“Î ß∞‹ (≥¢ ‘ 3/3): Diglett... - ∑≠“ÎAPI¥ÌŒÛ: 411
2025-10-29 23:03:14,601 - WARNING - ∑≠“Î ß∞‹ (≥¢ ‘ 1/3): Dugtrio... - ∑≠“ÎAPI¥ÌŒÛ: 411
2025-10-29 23:03:15,995 - WARNING - ∑≠“Î ß∞‹ (≥¢ ‘ 2/3): Dugtrio... - ∑≠“ÎAPI¥ÌŒÛ: 411
2025-10-29 23:03:17,354 - WARNING - ∑≠“Î ß∞‹ (≥¢ ‘ 3/3): Dugtrio... - ∑≠“ÎAPI¥ÌŒÛ: 411
2025-10-29 23:03:17,728 - WARNING - ∑≠“Î ß∞‹ (≥¢ ‘ 1/3): Meowth... - ∑≠“ÎAPI¥ÌŒÛ: 411
2025-10-29 23:03:19,106 - WARNING - ∑≠“Î ß∞‹ (≥¢ ‘ 2/3): Meowth... - ∑≠“ÎAPI¥ÌŒÛ: 411
2025-10-29 23:03:20,484 - WARNING - ∑≠“Î ß∞‹ (≥¢ ‘ 3/3): Meowth... - ∑≠“ÎAPI¥ÌŒÛ: 411
2025-10-29 23:03:20,857 - WARNING - ∑≠“Î ß∞‹ (≥¢ ‘ 1/3): Persian... - ∑≠“ÎAPI¥ÌŒÛ: 411
2025-10-29 23:03:22,255 - WARNING - ∑≠“Î ß∞‹ (≥¢ ‘ 2/3): Persian... - ∑≠“ÎAPI¥ÌŒÛ: 411
2025-10-29 23:03:23,633 - WARNING - ∑≠“Î ß∞‹ (≥¢ ‘ 3/3): Persian... - ∑≠“ÎAPI¥ÌŒÛ: 411
2025-10-29 23:03:24,047 - WARNING - ∑≠“Î ß∞‹ (≥¢ ‘ 1/3): Psyduck... - ∑≠“ÎAPI¥ÌŒÛ: 411
2025-10-29 23:03:25,435 - WARNING - ∑≠“Î ß∞‹ (≥¢ ‘ 2/3): Psyduck... - ∑≠“ÎAPI¥ÌŒÛ: 411
2025-10-29 23:03:26,861 - WARNING - ∑≠“Î ß∞‹ (≥¢ ‘ 3/3): Psyduck... - ∑≠“ÎAPI¥ÌŒÛ: 411
2025-10-29 23:03:27,258 - WARNING - ∑≠“Î ß∞‹ (≥¢ ‘ 1/3): Golduck... - ∑≠“ÎAPI¥ÌŒÛ: 411
2025-10-29 23:03:28,615 - WARNING - ∑≠“Î ß∞‹ (≥¢ ‘ 2/3): Golduck... - ∑≠“ÎAPI¥ÌŒÛ: 411
2025-10-29 23:03:30,007 - WARNING - ∑≠“Î ß∞‹ (≥¢ ‘ 3/3): Golduck... - ∑≠“ÎAPI¥ÌŒÛ: 411
2025-10-29 23:03:30,402 - WARNING - ∑≠“Î ß∞‹ (≥¢ ‘ 1/3): Mankey... - ∑≠“ÎAPI¥ÌŒÛ: 411
2025-10-29 23:03:31,854 - WARNING - ∑≠“Î ß∞‹ (≥¢ ‘ 2/3): Mankey... - ∑≠“ÎAPI¥ÌŒÛ: 411
2025-10-29 23:03:33,229 - WARNING - ∑≠“Î ß∞‹ (≥¢ ‘ 3/3): Mankey... - ∑≠“ÎAPI¥ÌŒÛ: 411
2025-10-29 23:03:33,614 - WARNING - ∑≠“Î ß∞‹ (≥¢ ‘ 1/3): Primeape... - ∑≠“ÎAPI¥ÌŒÛ: 411
2025-10-29 23:03:35,012 - WARNING - ∑≠“Î ß∞‹ (≥¢ ‘ 2/3): Primeape... - ∑≠“ÎAPI¥ÌŒÛ: 411
2025-10-29 23:03:36,406 - WARNING - ∑≠“Î ß∞‹ (≥¢ ‘ 3/3): Primeape... - ∑≠“ÎAPI¥ÌŒÛ: 411
2025-10-29 23:03:36,795 - WARNING - ∑≠“Î ß∞‹ (≥¢ ‘ 1/3): Growlithe... - ∑≠“ÎAPI¥ÌŒÛ: 411
2025-10-29 23:03:38,195 - WARNING - ∑≠“Î ß∞‹ (≥¢ ‘ 2/3): Growlithe... - ∑≠“ÎAPI¥ÌŒÛ: 102
2025-10-29 23:03:39,572 - WARNING - ∑≠“Î ß∞‹ (≥¢ ‘ 3/3): Growlithe... - ∑≠“ÎAPI¥ÌŒÛ: 102
2025-10-29 23:03:39,928 - WARNING - ∑≠“Î ß∞‹ (≥¢ ‘ 1/3): Arcanine... - ∑≠“ÎAPI¥ÌŒÛ: 102
2025-10-29 23:03:41,332 - WARNING - ∑≠“Î ß∞‹ (≥¢ ‘ 2/3): Arcanine... - ∑≠“ÎAPI¥ÌŒÛ: 102
2025-10-29 23:03:42,711 - WARNING - ∑≠“Î ß∞‹ (≥¢ ‘ 3/3): Arcanine... - ∑≠“ÎAPI¥ÌŒÛ: 102
2025-10-29 23:03:43,114 - WARNING - ∑≠“Î ß∞‹ (≥¢ ‘ 1/3): Poliwag... - ∑≠“ÎAPI¥ÌŒÛ: 102
2025-10-29 23:03:44,480 - WARNING - ∑≠“Î ß∞‹ (≥¢ ‘ 2/3): Poliwag... - ∑≠“ÎAPI¥ÌŒÛ: 411
2025-10-29 23:03:45,854 - WARNING - ∑≠“Î ß∞‹ (≥¢ ‘ 3/3): Poliwag... - ∑≠“ÎAPI¥ÌŒÛ: 411
2025-10-29 23:03:46,224 - WARNING - ∑≠“Î ß∞‹ (≥¢ ‘ 1/3): Poliwhirl... - ∑≠“ÎAPI¥ÌŒÛ: 411
2025-10-29 23:03:47,594 - WARNING - ∑≠“Î ß∞‹ (≥¢ ‘ 2/3): Poliwhirl... - ∑≠“ÎAPI¥ÌŒÛ: 411
2025-10-29 23:03:48,997 - WARNING - ∑≠“Î ß∞‹ (≥¢ ‘ 3/3): Poliwhirl... - ∑≠“ÎAPI¥ÌŒÛ: 411
2025-10-29 23:03:49,382 - WARNING - ∑≠“Î ß∞‹ (≥¢ ‘ 1/3): Poliwrath... - ∑≠“ÎAPI¥ÌŒÛ: 411
2025-10-29 23:03:50,768 - WARNING - ∑≠“Î ß∞‹ (≥¢ ‘ 2/3): Poliwrath... - ∑≠“ÎAPI¥ÌŒÛ: 411
2025-10-29 23:03:52,150 - WARNING - ∑≠“Î ß∞‹ (≥¢ ‘ 3/3): Poliwrath... - ∑≠“ÎAPI¥ÌŒÛ: 411
2025-10-29 23:03:52,531 - WARNING - ∑≠“Î ß∞‹ (≥¢ ‘ 1/3): Abra... - ∑≠“ÎAPI¥ÌŒÛ: 411
2025-10-29 23:03:53,931 - WARNING - ∑≠“Î ß∞‹ (≥¢ ‘ 2/3): Abra... - ∑≠“ÎAPI¥ÌŒÛ: 411
2025-10-29 23:03:55,301 - WARNING - ∑≠“Î ß∞‹ (≥¢ ‘ 3/3): Abra... - ∑≠“ÎAPI¥ÌŒÛ: 411
2025-10-29 23:03:55,667 - WARNING - ∑≠“Î ß∞‹ (≥¢ ‘ 1/3): Kadabra... - ∑≠“ÎAPI¥ÌŒÛ: 411
2025-10-29 23:03:57,045 - WARNING - ∑≠“Î ß∞‹ (≥¢ ‘ 2/3): Kadabra... - ∑≠“ÎAPI¥ÌŒÛ: 411
2025-10-29 23:03:58,414 - WARNING - ∑≠“Î ß∞‹ (≥¢ ‘ 3/3): Kadabra... - ∑≠“ÎAPI¥ÌŒÛ: 411
2025-10-29 23:03:58,775 - WARNING - ∑≠“Î ß∞‹ (≥¢ ‘ 1/3): Alakazam... - ∑≠“ÎAPI¥ÌŒÛ: 411
2025-10-29 23:04:00,152 - WARNING - ∑≠“Î ß∞‹ (≥¢ ‘ 2/3): Alakazam... - ∑≠“ÎAPI¥ÌŒÛ: 411
2025-10-29 23:04:01,554 - WARNING - ∑≠“Î ß∞‹ (≥¢ ‘ 3/3): Alakazam... - ∑≠“ÎAPI¥ÌŒÛ: 411
2025-10-29 23:04:01,967 - WARNING - ∑≠“Î ß∞‹ (≥¢ ‘ 1/3): Machop... - ∑≠“ÎAPI¥ÌŒÛ: 411
2025-10-29 23:04:03,346 - WARNING - ∑≠“Î ß∞‹ (≥¢ ‘ 2/3): Machop... - ∑≠“ÎAPI¥ÌŒÛ: 411
2025-10-29 23:04:04,726 - WARNING - ∑≠“Î ß∞‹ (≥¢ ‘ 3/3): Machop... - ∑≠“ÎAPI¥ÌŒÛ: 411
2025-10-29 23:04:05,104 - WARNING - ∑≠“Î ß∞‹ (≥¢ ‘ 1/3): Machoke... - ∑≠“ÎAPI¥ÌŒÛ: 411
2025-10-29 23:04:06,501 - WARNING - ∑≠“Î ß∞‹ (≥¢ ‘ 2/3): Machoke... - ∑≠“ÎAPI¥ÌŒÛ: 411
2025-10-29 23:04:07,886 - WARNING - ∑≠“Î ß∞‹ (≥¢ ‘ 3/3): Machoke... - ∑≠“ÎAPI¥ÌŒÛ: 411
2025-10-29 23:04:08,254 - WARNING - ∑≠“Î ß∞‹ (≥¢ ‘ 1/3): Machamp... - ∑≠“ÎAPI¥ÌŒÛ: 102
2025-10-29 23:04:09,610 - WARNING - ∑≠“Î ß∞‹ (≥¢ ‘ 2/3): Machamp... - ∑≠“ÎAPI¥ÌŒÛ: 102
2025-10-29 23:04:11,022 - WARNING - ∑≠“Î ß∞‹ (≥¢ ‘ 3/3): Machamp... - ∑≠“ÎAPI¥ÌŒÛ: 102
2025-10-29 23:04:11,407 - WARNING - ∑≠“Î ß∞‹ (≥¢ ‘ 1/3): Bellsprout... - ∑≠“ÎAPI¥ÌŒÛ: 102
2025-10-29 23:04:12,787 - WARNING - ∑≠“Î ß∞‹ (≥¢ ‘ 2/3): Bellsprout... - ∑≠“ÎAPI¥ÌŒÛ: 102
2025-10-29 23:04:14,160 - WARNING - ∑≠“Î ß∞‹ (≥¢ ‘ 3/3): Bellsprout... - ∑≠“ÎAPI¥ÌŒÛ: 102
2025-10-29 23:04:14,565 - WARNING - ∑≠“Î ß∞‹ (≥¢ ‘ 1/3): Weepinbell... - ∑≠“ÎAPI¥ÌŒÛ: 411
2025-10-29 23:04:16,016 - WARNING - ∑≠“Î ß∞‹ (≥¢ ‘ 2/3): Weepinbell... - ∑≠“ÎAPI¥ÌŒÛ: 411
2025-10-29 23:04:17,378 - WARNING - ∑≠“Î ß∞‹ (≥¢ ‘ 3/3): Weepinbell... - ∑≠“ÎAPI¥ÌŒÛ: 411
2025-10-29 23:04:17,742 - WARNING - ∑≠“Î ß∞‹ (≥¢ ‘ 1/3): Victreebel... - ∑≠“ÎAPI¥ÌŒÛ: 411
2025-10-29 23:04:19,137 - WARNING - ∑≠“Î ß∞‹ (≥¢ ‘ 2/3): Victreebel... - ∑≠“ÎAPI¥ÌŒÛ: 411
2025-10-29 23:04:20,563 - WARNING - ∑≠“Î ß∞‹ (≥¢ ‘ 3/3): Victreebel... - ∑≠“ÎAPI¥ÌŒÛ: 411
2025-10-29 23:04:20,999 - WARNING - ∑≠“Î ß∞‹ (≥¢ ‘ 1/3): Tentacool... - ∑≠“ÎAPI¥ÌŒÛ: 411
2025-10-29 23:04:22,387 - WARNING - ∑≠“Î ß∞‹ (≥¢ ‘ 2/3): Tentacool... - ∑≠“ÎAPI¥ÌŒÛ: 411
2025-10-29 23:04:23,738 - WARNING - ∑≠“Î ß∞‹ (≥¢ ‘ 3/3): Tentacool... - ∑≠“ÎAPI¥ÌŒÛ: 411
2025-10-29 23:04:24,152 - WARNING - ∑≠“Î ß∞‹ (≥¢ ‘ 1/3): Tentacruel... - ∑≠“ÎAPI¥ÌŒÛ: 411
2025-10-29 23:04:25,601 - WARNING - ∑≠“Î ß∞‹ (≥¢ ‘ 2/3): Tentacruel... - ∑≠“ÎAPI¥ÌŒÛ: 411
2025-10-29 23:04:26,981 - WARNING - ∑≠“Î ß∞‹ (≥¢ ‘ 3/3): Tentacruel... - ∑≠“ÎAPI¥ÌŒÛ: 411
2025-10-29 23:04:27,393 - WARNING - ∑≠“Î ß∞‹ (≥¢ ‘ 1/3): Geodude... - ∑≠“ÎAPI¥ÌŒÛ: 411
2025-10-29 23:04:28,777 - WARNING - ∑≠“Î ß∞‹ (≥¢ ‘ 2/3): Geodude... - ∑≠“ÎAPI¥ÌŒÛ: 411
2025-10-29 23:04:30,187 - WARNING - ∑≠“Î ß∞‹ (≥¢ ‘ 3/3): Geodude... - ∑≠“ÎAPI¥ÌŒÛ: 411
2025-10-29 23:04:30,533 - WARNING - ∑≠“Î ß∞‹ (≥¢ ‘ 1/3): Graveler... - ∑≠“ÎAPI¥ÌŒÛ: 411
2025-10-29 23:04:36,538 - WARNING - ∑≠“Î ß∞‹ (≥¢ ‘ 2/3): Graveler... - ('Connection aborted.', ConnectionResetError(10054, '‘∂≥Ã÷˜ª˙«ø∆»πÿ±’¡À“ª∏ˆœ÷”–µƒ¡¨Ω”°£', None, 10054, None))
2025-10-29 23:04:37,961 - WARNING - ∑≠“Î ß∞‹ (≥¢ ‘ 3/3): Graveler... - ∑≠“ÎAPI¥ÌŒÛ: 411
2025-10-29 23:04:38,513 - WARNING - ∑≠“Î ß∞‹ (≥¢ ‘ 1/3): Golem... - ∑≠“ÎAPI¥ÌŒÛ: 102
2025-10-29 23:04:39,945 - WARNING - ∑≠“Î ß∞‹ (≥¢ ‘ 2/3): Golem... - ∑≠“ÎAPI¥ÌŒÛ: 102
2025-10-29 23:04:41,336 - WARNING - ∑≠“Î ß∞‹ (≥¢ ‘ 3/3): Golem... - ∑≠“ÎAPI¥ÌŒÛ: 102
2025-10-29 23:04:41,734 - WARNING - ∑≠“Î ß∞‹ (≥¢ ‘ 1/3): Ponyta... - ∑≠“ÎAPI¥ÌŒÛ: 102
2025-10-29 23:04:43,131 - WARNING - ∑≠“Î ß∞‹ (≥¢ ‘ 2/3): Ponyta... - ∑≠“ÎAPI¥ÌŒÛ: 102
2025-10-29 23:04:44,505 - WARNING - ∑≠“Î ß∞‹ (≥¢ ‘ 3/3): Ponyta... - ∑≠“ÎAPI¥ÌŒÛ: 102
2025-10-29 23:04:44,896 - WARNING - ∑≠“Î ß∞‹ (≥¢ ‘ 1/3): Rapidash... - ∑≠“ÎAPI¥ÌŒÛ: 411
2025-10-29 23:04:46,259 - WARNING - ∑≠“Î ß∞‹ (≥¢ ‘ 2/3): Rapidash... - ∑≠“ÎAPI¥ÌŒÛ: 411
2025-10-29 23:04:47,624 - WARNING - ∑≠“Î ß∞‹ (≥¢ ‘ 3/3): Rapidash... - ∑≠“ÎAPI¥ÌŒÛ: 411
2025-10-29 23:04:48,001 - WARNING - ∑≠“Î ß∞‹ (≥¢ ‘ 1/3): Slowpoke... - ∑≠“ÎAPI¥ÌŒÛ: 411
2025-10-29 23:04:49,370 - WARNING - ∑≠“Î ß∞‹ (≥¢ ‘ 2/3): Slowpoke... - ∑≠“ÎAPI¥ÌŒÛ: 411
2025-10-29 23:04:50,711 - WARNING - ∑≠“Î ß∞‹ (≥¢ ‘ 3/3): Slowpoke... - ∑≠“ÎAPI¥ÌŒÛ: 411
2025-10-29 23:04:51,102 - WARNING - ∑≠“Î ß∞‹ (≥¢ ‘ 1/3): Slowbro... - ∑≠“ÎAPI¥ÌŒÛ: 411
2025-10-29 23:04:52,456 - WARNING - ∑≠“Î ß∞‹ (≥¢ ‘ 2/3): Slowbro... - ∑≠“ÎAPI¥ÌŒÛ: 411
2025-10-29 23:04:53,810 - WARNING - ∑≠“Î ß∞‹ (≥¢ ‘ 3/3): Slowbro... - ∑≠“ÎAPI¥ÌŒÛ: 411
2025-10-29 23:04:54,205 - WARNING - ∑≠“Î ß∞‹ (≥¢ ‘ 1/3): Magnemite... - ∑≠“ÎAPI¥ÌŒÛ: 411
2025-10-29 23:04:55,582 - WARNING - ∑≠“Î ß∞‹ (≥¢ ‘ 2/3): Magnemite... - ∑≠“ÎAPI¥ÌŒÛ: 411
2025-10-29 23:04:56,956 - WARNING - ∑≠“Î ß∞‹ (≥¢ ‘ 3/3): Magnemite... - ∑≠“ÎAPI¥ÌŒÛ: 411
2025-10-29 23:04:57,344 - WARNING - ∑≠“Î ß∞‹ (≥¢ ‘ 1/3): Magneton... - ∑≠“ÎAPI¥ÌŒÛ: 411
2025-10-29 23:04:58,707 - WARNING - ∑≠“Î ß∞‹ (≥¢ ‘ 2/3): Magneton... - ∑≠“ÎAPI¥ÌŒÛ: 411
2025-10-29 23:05:00,106 - WARNING - ∑≠“Î ß∞‹ (≥¢ ‘ 3/3): Magneton... - ∑≠“ÎAPI¥ÌŒÛ: 411
2025-10-29 23:05:00,464 - WARNING - ∑≠“Î ß∞‹ (≥¢ ‘ 1/3): Farfetch°Ød... - ∑≠“ÎAPI¥ÌŒÛ: 411
2025-10-29 23:05:01,811 - WARNING - ∑≠“Î ß∞‹ (≥¢ ‘ 2/3): Farfetch°Ød... - ∑≠“ÎAPI¥ÌŒÛ: 411
2025-10-29 23:05:03,238 - WARNING - ∑≠“Î ß∞‹ (≥¢ ‘ 3/3): Farfetch°Ød... - ∑≠“ÎAPI¥ÌŒÛ: 411
2025-10-29 23:05:03,604 - WARNING - ∑≠“Î ß∞‹ (≥¢ ‘ 1/3): Doduo... - ∑≠“ÎAPI¥ÌŒÛ: 411
2025-10-29 23:05:04,986 - WARNING - ∑≠“Î ß∞‹ (≥¢ ‘ 2/3): Doduo... - ∑≠“ÎAPI¥ÌŒÛ: 411
2025-10-29 23:05:06,369 - WARNING - ∑≠“Î ß∞‹ (≥¢ ‘ 3/3): Doduo... - ∑≠“ÎAPI¥ÌŒÛ: 411
2025-10-29 23:05:06,753 - WARNING - ∑≠“Î ß∞‹ (≥¢ ‘ 1/3): Dodrio... - ∑≠“ÎAPI¥ÌŒÛ: 411
2025-10-29 23:05:08,145 - WARNING - ∑≠“Î ß∞‹ (≥¢ ‘ 2/3): Dodrio... - ∑≠“ÎAPI¥ÌŒÛ: 411
2025-10-29 23:05:09,551 - WARNING - ∑≠“Î ß∞‹ (≥¢ ‘ 3/3): Dodrio... - ∑≠“ÎAPI¥ÌŒÛ: 102
2025-10-29 23:05:09,949 - WARNING - ∑≠“Î ß∞‹ (≥¢ ‘ 1/3): Seel... - ∑≠“ÎAPI¥ÌŒÛ: 102
2025-10-29 23:05:11,341 - WARNING - ∑≠“Î ß∞‹ (≥¢ ‘ 2/3): Seel... - ∑≠“ÎAPI¥ÌŒÛ: 102
2025-10-29 23:05:12,724 - WARNING - ∑≠“Î ß∞‹ (≥¢ ‘ 3/3): Seel... - ∑≠“ÎAPI¥ÌŒÛ: 102
2025-10-29 23:05:13,140 - WARNING - ∑≠“Î ß∞‹ (≥¢ ‘ 1/3): Dewgong... - ∑≠“ÎAPI¥ÌŒÛ: 102
2025-10-29 23:05:14,513 - WARNING - ∑≠“Î ß∞‹ (≥¢ ‘ 2/3): Dewgong... - ∑≠“ÎAPI¥ÌŒÛ: 102
2025-10-29 23:05:15,884 - WARNING - ∑≠“Î ß∞‹ (≥¢ ‘ 3/3): Dewgong... - ∑≠“ÎAPI¥ÌŒÛ: 411
2025-10-29 23:05:16,254 - WARNING - ∑≠“Î ß∞‹ (≥¢ ‘ 1/3): Grimer... - ∑≠“ÎAPI¥ÌŒÛ: 411
2025-10-29 23:05:17,630 - WARNING - ∑≠“Î ß∞‹ (≥¢ ‘ 2/3): Grimer... - ∑≠“ÎAPI¥ÌŒÛ: 411
2025-10-29 23:05:19,024 - WARNING - ∑≠“Î ß∞‹ (≥¢ ‘ 3/3): Grimer... - ∑≠“ÎAPI¥ÌŒÛ: 411
2025-10-29 23:05:19,413 - WARNING - ∑≠“Î ß∞‹ (≥¢ ‘ 1/3): Muk... - ∑≠“ÎAPI¥ÌŒÛ: 411
2025-10-29 23:05:20,792 - WARNING - ∑≠“Î ß∞‹ (≥¢ ‘ 2/3): Muk... - ∑≠“ÎAPI¥ÌŒÛ: 411
2025-10-29 23:05:22,203 - WARNING - ∑≠“Î ß∞‹ (≥¢ ‘ 3/3): Muk... - ∑≠“ÎAPI¥ÌŒÛ: 411
2025-10-29 23:05:22,607 - WARNING - ∑≠“Î ß∞‹ (≥¢ ‘ 1/3): Shellder... - ∑≠“ÎAPI¥ÌŒÛ: 411
2025-10-29 23:05:23,972 - WARNING - ∑≠“Î ß∞‹ (≥¢ ‘ 2/3): Shellder... - ∑≠“ÎAPI¥ÌŒÛ: 411
2025-10-29 23:05:25,489 - WARNING - ∑≠“Î ß∞‹ (≥¢ ‘ 3/3): Shellder... - ∑≠“ÎAPI¥ÌŒÛ: 411
2025-10-29 23:05:25,940 - WARNING - ∑≠“Î ß∞‹ (≥¢ ‘ 1/3): Cloyster... - ∑≠“ÎAPI¥ÌŒÛ: 411
2025-10-29 23:05:27,351 - WARNING - ∑≠“Î ß∞‹ (≥¢ ‘ 2/3): Cloyster... - ∑≠“ÎAPI¥ÌŒÛ: 411
2025-10-29 23:05:28,693 - WARNING - ∑≠“Î ß∞‹ (≥¢ ‘ 3/3): Cloyster... - ∑≠“ÎAPI¥ÌŒÛ: 411
2025-10-29 23:05:29,089 - WARNING - ∑≠“Î ß∞‹ (≥¢ ‘ 1/3): Gastly... - ∑≠“ÎAPI¥ÌŒÛ: 411
2025-10-29 23:05:30,484 - WARNING - ∑≠“Î ß∞‹ (≥¢ ‘ 2/3): Gastly... - ∑≠“ÎAPI¥ÌŒÛ: 411
2025-10-29 23:05:31,848 - WARNING - ∑≠“Î ß∞‹ (≥¢ ‘ 3/3): Gastly... - ∑≠“ÎAPI¥ÌŒÛ: 411
2025-10-29 23:05:32,232 - WARNING - ∑≠“Î ß∞‹ (≥¢ ‘ 1/3): Haunter... - ∑≠“ÎAPI¥ÌŒÛ: 411
2025-10-29 23:05:33,623 - WARNING - ∑≠“Î ß∞‹ (≥¢ ‘ 2/3): Haunter... - ∑≠“ÎAPI¥ÌŒÛ: 411
2025-10-29 23:05:35,031 - WARNING - ∑≠“Î ß∞‹ (≥¢ ‘ 3/3): Haunter... - ∑≠“ÎAPI¥ÌŒÛ: 411
2025-10-29 23:05:35,408 - WARNING - ∑≠“Î ß∞‹ (≥¢ ‘ 1/3): Gengar... - ∑≠“ÎAPI¥ÌŒÛ: 411
2025-10-29 23:05:36,792 - WARNING - ∑≠“Î ß∞‹ (≥¢ ‘ 2/3): Gengar... - ∑≠“ÎAPI¥ÌŒÛ: 411
2025-10-29 23:05:38,234 - WARNING - ∑≠“Î ß∞‹ (≥¢ ‘ 3/3): Gengar... - ∑≠“ÎAPI¥ÌŒÛ: 411
2025-10-29 23:05:38,613 - WARNING - ∑≠“Î ß∞‹ (≥¢ ‘ 1/3): Onix... - ∑≠“ÎAPI¥ÌŒÛ: 411
2025-10-29 23:05:40,026 - WARNING - ∑≠“Î ß∞‹ (≥¢ ‘ 2/3): Onix... - ∑≠“ÎAPI¥ÌŒÛ: 102
2025-10-29 23:05:41,405 - WARNING - ∑≠“Î ß∞‹ (≥¢ ‘ 3/3): Onix... - ∑≠“ÎAPI¥ÌŒÛ: 102
2025-10-29 23:05:41,828 - WARNING - ∑≠“Î ß∞‹ (≥¢ ‘ 1/3): Drowzee... - ∑≠“ÎAPI¥ÌŒÛ: 102
2025-10-29 23:05:43,212 - WARNING - ∑≠“Î ß∞‹ (≥¢ ‘ 2/3): Drowzee... - ∑≠“ÎAPI¥ÌŒÛ: 102
2025-10-29 23:05:44,653 - WARNING - ∑≠“Î ß∞‹ (≥¢ ‘ 3/3): Drowzee... - ∑≠“ÎAPI¥ÌŒÛ: 102
2025-10-29 23:05:45,016 - WARNING - ∑≠“Î ß∞‹ (≥¢ ‘ 1/3): Hypno... - ∑≠“ÎAPI¥ÌŒÛ: 102
2025-10-29 23:05:46,414 - WARNING - ∑≠“Î ß∞‹ (≥¢ ‘ 2/3): Hypno... - ∑≠“ÎAPI¥ÌŒÛ: 411
2025-10-29 23:05:47,797 - WARNING - ∑≠“Î ß∞‹ (≥¢ ‘ 3/3): Hypno... - ∑≠“ÎAPI¥ÌŒÛ: 411
2025-10-29 23:05:48,222 - WARNING - ∑≠“Î ß∞‹ (≥¢ ‘ 1/3): Krabby... - ∑≠“ÎAPI¥ÌŒÛ: 411
2025-10-29 23:05:49,592 - WARNING - ∑≠“Î ß∞‹ (≥¢ ‘ 2/3): Krabby... - ∑≠“ÎAPI¥ÌŒÛ: 411
2025-10-29 23:05:50,989 - WARNING - ∑≠“Î ß∞‹ (≥¢ ‘ 3/3): Krabby... - ∑≠“ÎAPI¥ÌŒÛ: 411
2025-10-29 23:05:51,371 - WARNING - ∑≠“Î ß∞‹ (≥¢ ‘ 1/3): Kingler... - ∑≠“ÎAPI¥ÌŒÛ: 411
2025-10-29 23:05:52,842 - WARNING - ∑≠“Î ß∞‹ (≥¢ ‘ 2/3): Kingler... - ∑≠“ÎAPI¥ÌŒÛ: 411
2025-10-29 23:05:54,255 - WARNING - ∑≠“Î ß∞‹ (≥¢ ‘ 3/3): Kingler... - ∑≠“ÎAPI¥ÌŒÛ: 411
2025-10-29 23:05:54,696 - WARNING - ∑≠“Î ß∞‹ (≥¢ ‘ 1/3): Voltorb... - ∑≠“ÎAPI¥ÌŒÛ: 411
2025-10-29 23:05:56,090 - WARNING - ∑≠“Î ß∞‹ (≥¢ ‘ 2/3): Voltorb... - ∑≠“ÎAPI¥ÌŒÛ: 411
2025-10-29 23:05:57,498 - WARNING - ∑≠“Î ß∞‹ (≥¢ ‘ 3/3): Voltorb... - ∑≠“ÎAPI¥ÌŒÛ: 411
2025-10-29 23:05:57,862 - WARNING - ∑≠“Î ß∞‹ (≥¢ ‘ 1/3): Electrode... - ∑≠“ÎAPI¥ÌŒÛ: 411
2025-10-29 23:05:59,245 - WARNING - ∑≠“Î ß∞‹ (≥¢ ‘ 2/3): Electrode... - ∑≠“ÎAPI¥ÌŒÛ: 411
2025-10-29 23:06:00,621 - WARNING - ∑≠“Î ß∞‹ (≥¢ ‘ 3/3): Electrode... - ∑≠“ÎAPI¥ÌŒÛ: 411
2025-10-29 23:06:01,038 - WARNING - ∑≠“Î ß∞‹ (≥¢ ‘ 1/3): Exeggcute... - ∑≠“ÎAPI¥ÌŒÛ: 411
2025-10-29 23:06:02,417 - WARNING - ∑≠“Î ß∞‹ (≥¢ ‘ 2/3): Exeggcute... - ∑≠“ÎAPI¥ÌŒÛ: 411
2025-10-29 23:06:03,794 - WARNING - ∑≠“Î ß∞‹ (≥¢ ‘ 3/3): Exeggcute... - ∑≠“ÎAPI¥ÌŒÛ: 411
2025-10-29 23:06:04,175 - WARNING - ∑≠“Î ß∞‹ (≥¢ ‘ 1/3): Exeggutor... - ∑≠“ÎAPI¥ÌŒÛ: 411
2025-10-29 23:06:05,533 - WARNING - ∑≠“Î ß∞‹ (≥¢ ‘ 2/3): Exeggutor... - ∑≠“ÎAPI¥ÌŒÛ: 411
2025-10-29 23:06:06,912 - WARNING - ∑≠“Î ß∞‹ (≥¢ ‘ 3/3): Exeggutor... - ∑≠“ÎAPI¥ÌŒÛ: 411
2025-10-29 23:06:07,287 - WARNING - ∑≠“Î ß∞‹ (≥¢ ‘ 1/3): Cubone... - ∑≠“ÎAPI¥ÌŒÛ: 411
2025-10-29 23:06:08,664 - WARNING - ∑≠“Î ß∞‹ (≥¢ ‘ 2/3): Cubone... - ∑≠“ÎAPI¥ÌŒÛ: 411
2025-10-29 23:06:10,041 - WARNING - ∑≠“Î ß∞‹ (≥¢ ‘ 3/3): Cubone... - ∑≠“ÎAPI¥ÌŒÛ: 102
2025-10-29 23:06:10,407 - WARNING - ∑≠“Î ß∞‹ (≥¢ ‘ 1/3): Marowak... - ∑≠“ÎAPI¥ÌŒÛ: 102
2025-10-29 23:06:11,787 - WARNING - ∑≠“Î ß∞‹ (≥¢ ‘ 2/3): Marowak... - ∑≠“ÎAPI¥ÌŒÛ: 102
2025-10-29 23:06:13,166 - WARNING - ∑≠“Î ß∞‹ (≥¢ ‘ 3/3): Marowak... - ∑≠“ÎAPI¥ÌŒÛ: 102
2025-10-29 23:06:13,541 - WARNING - ∑≠“Î ß∞‹ (≥¢ ‘ 1/3): Hitmonlee... - ∑≠“ÎAPI¥ÌŒÛ: 102
2025-10-29 23:06:14,933 - WARNING - ∑≠“Î ß∞‹ (≥¢ ‘ 2/3): Hitmonlee... - ∑≠“ÎAPI¥ÌŒÛ: 102
2025-10-29 23:06:16,296 - WARNING - ∑≠“Î ß∞‹ (≥¢ ‘ 3/3): Hitmonlee... - ∑≠“ÎAPI¥ÌŒÛ: 411
2025-10-29 23:06:16,686 - WARNING - ∑≠“Î ß∞‹ (≥¢ ‘ 1/3): Hitmonchan... - ∑≠“ÎAPI¥ÌŒÛ: 411
2025-10-29 23:06:18,054 - WARNING - ∑≠“Î ß∞‹ (≥¢ ‘ 2/3): Hitmonchan... - ∑≠“ÎAPI¥ÌŒÛ: 411
2025-10-29 23:06:19,454 - WARNING - ∑≠“Î ß∞‹ (≥¢ ‘ 3/3): Hitmonchan... - ∑≠“ÎAPI¥ÌŒÛ: 411
2025-10-29 23:06:19,813 - WARNING - ∑≠“Î ß∞‹ (≥¢ ‘ 1/3): Lickitung... - ∑≠“ÎAPI¥ÌŒÛ: 411
2025-10-29 23:06:21,239 - WARNING - ∑≠“Î ß∞‹ (≥¢ ‘ 2/3): Lickitung... - ∑≠“ÎAPI¥ÌŒÛ: 411
2025-10-29 23:06:22,605 - WARNING - ∑≠“Î ß∞‹ (≥¢ ‘ 3/3): Lickitung... - ∑≠“ÎAPI¥ÌŒÛ: 411
2025-10-29 23:06:22,976 - WARNING - ∑≠“Î ß∞‹ (≥¢ ‘ 1/3): Koffing... - ∑≠“ÎAPI¥ÌŒÛ: 411
2025-10-29 23:06:24,408 - WARNING - ∑≠“Î ß∞‹ (≥¢ ‘ 2/3): Koffing... - ∑≠“ÎAPI¥ÌŒÛ: 411
2025-10-29 23:06:25,790 - WARNING - ∑≠“Î ß∞‹ (≥¢ ‘ 3/3): Koffing... - ∑≠“ÎAPI¥ÌŒÛ: 411
2025-10-29 23:06:26,176 - WARNING - ∑≠“Î ß∞‹ (≥¢ ‘ 1/3): Weezing... - ∑≠“ÎAPI¥ÌŒÛ: 411
2025-10-29 23:06:27,549 - WARNING - ∑≠“Î ß∞‹ (≥¢ ‘ 2/3): Weezing... - ∑≠“ÎAPI¥ÌŒÛ: 411
2025-10-29 23:06:28,909 - WARNING - ∑≠“Î ß∞‹ (≥¢ ‘ 3/3): Weezing... - ∑≠“ÎAPI¥ÌŒÛ: 411
2025-10-29 23:06:29,299 - WARNING - ∑≠“Î ß∞‹ (≥¢ ‘ 1/3): Rhyhorn... - ∑≠“ÎAPI¥ÌŒÛ: 411
2025-10-29 23:06:30,695 - WARNING - ∑≠“Î ß∞‹ (≥¢ ‘ 2/3): Rhyhorn... - ∑≠“ÎAPI¥ÌŒÛ: 411
2025-10-29 23:06:32,143 - WARNING - ∑≠“Î ß∞‹ (≥¢ ‘ 3/3): Rhyhorn... - ∑≠“ÎAPI¥ÌŒÛ: 411
2025-10-29 23:06:32,541 - WARNING - ∑≠“Î ß∞‹ (≥¢ ‘ 1/3): Rhydon... - ∑≠“ÎAPI¥ÌŒÛ: 411
2025-10-29 23:06:33,917 - WARNING - ∑≠“Î ß∞‹ (≥¢ ‘ 2/3): Rhydon... - ∑≠“ÎAPI¥ÌŒÛ: 411
2025-10-29 23:06:35,316 - WARNING - ∑≠“Î ß∞‹ (≥¢ ‘ 3/3): Rhydon... - ∑≠“ÎAPI¥ÌŒÛ: 411
2025-10-29 23:06:35,708 - WARNING - ∑≠“Î ß∞‹ (≥¢ ‘ 1/3): Chansey... - ∑≠“ÎAPI¥ÌŒÛ: 411
2025-10-29 23:06:37,102 - WARNING - ∑≠“Î ß∞‹ (≥¢ ‘ 2/3): Chansey... - ∑≠“ÎAPI¥ÌŒÛ: 411
2025-10-29 23:06:38,463 - WARNING - ∑≠“Î ß∞‹ (≥¢ ‘ 3/3): Chansey... - ∑≠“ÎAPI¥ÌŒÛ: 411
2025-10-29 23:06:38,880 - WARNING - ∑≠“Î ß∞‹ (≥¢ ‘ 1/3): Tangela... - ∑≠“ÎAPI¥ÌŒÛ: 411
2025-10-29 23:06:40,277 - WARNING - ∑≠“Î ß∞‹ (≥¢ ‘ 2/3): Tangela... - ∑≠“ÎAPI¥ÌŒÛ: 102
2025-10-29 23:06:41,658 - WARNING - ∑≠“Î ß∞‹ (≥¢ ‘ 3/3): Tangela... - ∑≠“ÎAPI¥ÌŒÛ: 102
2025-10-29 23:06:42,091 - WARNING - ∑≠“Î ß∞‹ (≥¢ ‘ 1/3): Kangaskhan... - ∑≠“ÎAPI¥ÌŒÛ: 102
2025-10-29 23:06:43,472 - WARNING - ∑≠“Î ß∞‹ (≥¢ ‘ 2/3): Kangaskhan... - ∑≠“ÎAPI¥ÌŒÛ: 102
2025-10-29 23:06:44,840 - WARNING - ∑≠“Î ß∞‹ (≥¢ ‘ 3/3): Kangaskhan... - ∑≠“ÎAPI¥ÌŒÛ: 102
2025-10-29 23:06:45,216 - WARNING - ∑≠“Î ß∞‹ (≥¢ ‘ 1/3): Horsea... - ∑≠“ÎAPI¥ÌŒÛ: 102
2025-10-29 23:06:46,598 - WARNING - ∑≠“Î ß∞‹ (≥¢ ‘ 2/3): Horsea... - ∑≠“ÎAPI¥ÌŒÛ: 411
2025-10-29 23:06:47,954 - WARNING - ∑≠“Î ß∞‹ (≥¢ ‘ 3/3): Horsea... - ∑≠“ÎAPI¥ÌŒÛ: 411
2025-10-29 23:06:48,319 - WARNING - ∑≠“Î ß∞‹ (≥¢ ‘ 1/3): Seadra... - ∑≠“ÎAPI¥ÌŒÛ: 411
2025-10-29 23:06:49,700 - WARNING - ∑≠“Î ß∞‹ (≥¢ ‘ 2/3): Seadra... - ∑≠“ÎAPI¥ÌŒÛ: 411
2025-10-29 23:06:51,075 - WARNING - ∑≠“Î ß∞‹ (≥¢ ‘ 3/3): Seadra... - ∑≠“ÎAPI¥ÌŒÛ: 411
2025-10-29 23:06:51,506 - WARNING - ∑≠“Î ß∞‹ (≥¢ ‘ 1/3): Goldeen... - ∑≠“ÎAPI¥ÌŒÛ: 411
2025-10-29 23:06:52,888 - WARNING - ∑≠“Î ß∞‹ (≥¢ ‘ 2/3): Goldeen... - ∑≠“ÎAPI¥ÌŒÛ: 411
2025-10-29 23:06:54,267 - WARNING - ∑≠“Î ß∞‹ (≥¢ ‘ 3/3): Goldeen... - ∑≠“ÎAPI¥ÌŒÛ: 411
2025-10-29 23:06:54,652 - WARNING - ∑≠“Î ß∞‹ (≥¢ ‘ 1/3): Seaking... - ∑≠“ÎAPI¥ÌŒÛ: 411
2025-10-29 23:06:55,982 - WARNING - ∑≠“Î ß∞‹ (≥¢ ‘ 2/3): Seaking... - ∑≠“ÎAPI¥ÌŒÛ: 411
2025-10-29 23:06:57,345 - WARNING - ∑≠“Î ß∞‹ (≥¢ ‘ 3/3): Seaking... - ∑≠“ÎAPI¥ÌŒÛ: 411
2025-10-29 23:06:57,689 - WARNING - ∑≠“Î ß∞‹ (≥¢ ‘ 1/3): Staryu... - ∑≠“ÎAPI¥ÌŒÛ: 411
2025-10-29 23:06:59,076 - WARNING - ∑≠“Î ß∞‹ (≥¢ ‘ 2/3): Staryu... - ∑≠“ÎAPI¥ÌŒÛ: 411
2025-10-29 23:07:00,451 - WARNING - ∑≠“Î ß∞‹ (≥¢ ‘ 3/3): Staryu... - ∑≠“ÎAPI¥ÌŒÛ: 411
2025-10-29 23:07:00,858 - WARNING - ∑≠“Î ß∞‹ (≥¢ ‘ 1/3): Starmie... - ∑≠“ÎAPI¥ÌŒÛ: 411
2025-10-29 23:07:02,238 - WARNING - ∑≠“Î ß∞‹ (≥¢ ‘ 2/3): Starmie... - ∑≠“ÎAPI¥ÌŒÛ: 411
2025-10-29 23:07:03,668 - WARNING - ∑≠“Î ß∞‹ (≥¢ ‘ 3/3): Starmie... - ∑≠“ÎAPI¥ÌŒÛ: 411
2025-10-29 23:07:04,044 - WARNING - ∑≠“Î ß∞‹ (≥¢ ‘ 1/3): Mr. Mime... - ∑≠“ÎAPI¥ÌŒÛ: 411
2025-10-29 23:07:05,499 - WARNING - ∑≠“Î ß∞‹ (≥¢ ‘ 2/3): Mr. Mime... - ∑≠“ÎAPI¥ÌŒÛ: 411
2025-10-29 23:07:06,860 - WARNING - ∑≠“Î ß∞‹ (≥¢ ‘ 3/3): Mr. Mime... - ∑≠“ÎAPI¥ÌŒÛ: 411
2025-10-29 23:07:07,233 - WARNING - ∑≠“Î ß∞‹ (≥¢ ‘ 1/3): Scyther... - ∑≠“ÎAPI¥ÌŒÛ: 411
2025-10-29 23:07:08,627 - WARNING - ∑≠“Î ß∞‹ (≥¢ ‘ 2/3): Scyther... - ∑≠“ÎAPI¥ÌŒÛ: 411
2025-10-29 23:07:10,018 - WARNING - ∑≠“Î ß∞‹ (≥¢ ‘ 3/3): Scyther... - ∑≠“ÎAPI¥ÌŒÛ: 411
2025-10-29 23:07:10,380 - WARNING - ∑≠“Î ß∞‹ (≥¢ ‘ 1/3): Jynx... - ∑≠“ÎAPI¥ÌŒÛ: 102
2025-10-29 23:07:11,758 - WARNING - ∑≠“Î ß∞‹ (≥¢ ‘ 2/3): Jynx... - ∑≠“ÎAPI¥ÌŒÛ: 102
2025-10-29 23:07:13,107 - WARNING - ∑≠“Î ß∞‹ (≥¢ ‘ 3/3): Jynx... - ∑≠“ÎAPI¥ÌŒÛ: 102
2025-10-29 23:07:13,482 - WARNING - ∑≠“Î ß∞‹ (≥¢ ‘ 1/3): Electabuzz... - ∑≠“ÎAPI¥ÌŒÛ: 102
2025-10-29 23:07:14,843 - WARNING - ∑≠“Î ß∞‹ (≥¢ ‘ 2/3): Electabuzz... - ∑≠“ÎAPI¥ÌŒÛ: 102
2025-10-29 23:07:16,266 - WARNING - ∑≠“Î ß∞‹ (≥¢ ‘ 3/3): Electabuzz... - ∑≠“ÎAPI¥ÌŒÛ: 102
2025-10-29 23:07:16,632 - WARNING - ∑≠“Î ß∞‹ (≥¢ ‘ 1/3): Magmar... - ∑≠“ÎAPI¥ÌŒÛ: 411
2025-10-29 23:07:18,034 - WARNING - ∑≠“Î ß∞‹ (≥¢ ‘ 2/3): Magmar... - ∑≠“ÎAPI¥ÌŒÛ: 411
2025-10-29 23:07:19,426 - WARNING - ∑≠“Î ß∞‹ (≥¢ ‘ 3/3): Magmar... - ∑≠“ÎAPI¥ÌŒÛ: 411
2025-10-29 23:07:19,790 - WARNING - ∑≠“Î ß∞‹ (≥¢ ‘ 1/3): Pinsir... - ∑≠“ÎAPI¥ÌŒÛ: 411
2025-10-29 23:07:21,203 - WARNING - ∑≠“Î ß∞‹ (≥¢ ‘ 2/3): Pinsir... - ∑≠“ÎAPI¥ÌŒÛ: 411
2025-10-29 23:07:22,580 - WARNING - ∑≠“Î ß∞‹ (≥¢ ‘ 3/3): Pinsir... - ∑≠“ÎAPI¥ÌŒÛ: 411
2025-10-29 23:07:22,965 - WARNING - ∑≠“Î ß∞‹ (≥¢ ‘ 1/3): Tauros... - ∑≠“ÎAPI¥ÌŒÛ: 411
2025-10-29 23:07:24,360 - WARNING - ∑≠“Î ß∞‹ (≥¢ ‘ 2/3): Tauros... - ∑≠“ÎAPI¥ÌŒÛ: 411
2025-10-29 23:07:25,807 - WARNING - ∑≠“Î ß∞‹ (≥¢ ‘ 3/3): Tauros... - ∑≠“ÎAPI¥ÌŒÛ: 411
2025-10-29 23:07:26,164 - WARNING - ∑≠“Î ß∞‹ (≥¢ ‘ 1/3): Magikarp... - ∑≠“ÎAPI¥ÌŒÛ: 411
2025-10-29 23:07:27,535 - WARNING - ∑≠“Î ß∞‹ (≥¢ ‘ 2/3): Magikarp... - ∑≠“ÎAPI¥ÌŒÛ: 411
2025-10-29 23:07:28,919 - WARNING - ∑≠“Î ß∞‹ (≥¢ ‘ 3/3): Magikarp... - ∑≠“ÎAPI¥ÌŒÛ: 411
2025-10-29 23:07:29,311 - WARNING - ∑≠“Î ß∞‹ (≥¢ ‘ 1/3): Gyarados... - ∑≠“ÎAPI¥ÌŒÛ: 411
2025-10-29 23:07:30,675 - WARNING - ∑≠“Î ß∞‹ (≥¢ ‘ 2/3): Gyarados... - ∑≠“ÎAPI¥ÌŒÛ: 411
2025-10-29 23:07:32,035 - WARNING - ∑≠“Î ß∞‹ (≥¢ ‘ 3/3): Gyarados... - ∑≠“ÎAPI¥ÌŒÛ: 411
2025-10-29 23:07:32,383 - WARNING - ∑≠“Î ß∞‹ (≥¢ ‘ 1/3): Lapras... - ∑≠“ÎAPI¥ÌŒÛ: 411
2025-10-29 23:07:33,758 - WARNING - ∑≠“Î ß∞‹ (≥¢ ‘ 2/3): Lapras... - ∑≠“ÎAPI¥ÌŒÛ: 411
2025-10-29 23:07:35,134 - WARNING - ∑≠“Î ß∞‹ (≥¢ ‘ 3/3): Lapras... - ∑≠“ÎAPI¥ÌŒÛ: 411
2025-10-29 23:07:35,505 - WARNING - ∑≠“Î ß∞‹ (≥¢ ‘ 1/3): Ditto... - ∑≠“ÎAPI¥ÌŒÛ: 411
2025-10-29 23:07:36,904 - WARNING - ∑≠“Î ß∞‹ (≥¢ ‘ 2/3): Ditto... - ∑≠“ÎAPI¥ÌŒÛ: 411
2025-10-29 23:07:38,272 - WARNING - ∑≠“Î ß∞‹ (≥¢ ‘ 3/3): Ditto... - ∑≠“ÎAPI¥ÌŒÛ: 411
2025-10-29 23:07:38,630 - WARNING - ∑≠“Î ß∞‹ (≥¢ ‘ 1/3): Eevee... - ∑≠“ÎAPI¥ÌŒÛ: 411
2025-10-29 23:07:39,992 - WARNING - ∑≠“Î ß∞‹ (≥¢ ‘ 2/3): Eevee... - ∑≠“ÎAPI¥ÌŒÛ: 411
2025-10-29 23:07:41,373 - WARNING - ∑≠“Î ß∞‹ (≥¢ ‘ 3/3): Eevee... - ∑≠“ÎAPI¥ÌŒÛ: 102
2025-10-29 23:07:41,742 - WARNING - ∑≠“Î ß∞‹ (≥¢ ‘ 1/3): Vaporeon... - ∑≠“ÎAPI¥ÌŒÛ: 102
2025-10-29 23:07:43,113 - WARNING - ∑≠“Î ß∞‹ (≥¢ ‘ 2/3): Vaporeon... - ∑≠“ÎAPI¥ÌŒÛ: 102
2025-10-29 23:07:44,477 - WARNING - ∑≠“Î ß∞‹ (≥¢ ‘ 3/3): Vaporeon... - ∑≠“ÎAPI¥ÌŒÛ: 102
2025-10-29 23:07:44,849 - WARNING - ∑≠“Î ß∞‹ (≥¢ ‘ 1/3): Jolteon... - ∑≠“ÎAPI¥ÌŒÛ: 102
2025-10-29 23:07:46,214 - WARNING - ∑≠“Î ß∞‹ (≥¢ ‘ 2/3): Jolteon... - ∑≠“ÎAPI¥ÌŒÛ: 102
2025-10-29 23:07:47,606 - WARNING - ∑≠“Î ß∞‹ (≥¢ ‘ 3/3): Jolteon... - ∑≠“ÎAPI¥ÌŒÛ: 411
2025-10-29 23:07:47,998 - WARNING - ∑≠“Î ß∞‹ (≥¢ ‘ 1/3): Flareon... - ∑≠“ÎAPI¥ÌŒÛ: 411
2025-10-29 23:07:49,381 - WARNING - ∑≠“Î ß∞‹ (≥¢ ‘ 2/3): Flareon... - ∑≠“ÎAPI¥ÌŒÛ: 411
2025-10-29 23:07:50,725 - WARNING - ∑≠“Î ß∞‹ (≥¢ ‘ 3/3): Flareon... - ∑≠“ÎAPI¥ÌŒÛ: 411
2025-10-29 23:07:51,060 - WARNING - ∑≠“Î ß∞‹ (≥¢ ‘ 1/3): Porygon... - ∑≠“ÎAPI¥ÌŒÛ: 411
2025-10-29 23:07:52,452 - WARNING - ∑≠“Î ß∞‹ (≥¢ ‘ 2/3): Porygon... - ∑≠“ÎAPI¥ÌŒÛ: 411
2025-10-29 23:07:53,818 - WARNING - ∑≠“Î ß∞‹ (≥¢ ‘ 3/3): Porygon... - ∑≠“ÎAPI¥ÌŒÛ: 411
2025-10-29 23:07:54,176 - WARNING - ∑≠“Î ß∞‹ (≥¢ ‘ 1/3): Omanyte... - ∑≠“ÎAPI¥ÌŒÛ: 411
2025-10-29 23:07:55,542 - WARNING - ∑≠“Î ß∞‹ (≥¢ ‘ 2/3): Omanyte... - ∑≠“ÎAPI¥ÌŒÛ: 411
2025-10-29 23:07:56,907 - WARNING - ∑≠“Î ß∞‹ (≥¢ ‘ 3/3): Omanyte... - ∑≠“ÎAPI¥ÌŒÛ: 411
2025-10-29 23:07:57,278 - WARNING - ∑≠“Î ß∞‹ (≥¢ ‘ 1/3): Omastar... - ∑≠“ÎAPI¥ÌŒÛ: 411
2025-10-29 23:07:58,728 - WARNING - ∑≠“Î ß∞‹ (≥¢ ‘ 2/3): Omastar... - ∑≠“ÎAPI¥ÌŒÛ: 411
2025-10-29 23:08:00,087 - WARNING - ∑≠“Î ß∞‹ (≥¢ ‘ 3/3): Omastar... - ∑≠“ÎAPI¥ÌŒÛ: 411
2025-10-29 23:08:00,475 - WARNING - ∑≠“Î ß∞‹ (≥¢ ‘ 1/3): Kabuto... - ∑≠“ÎAPI¥ÌŒÛ: 411
2025-10-29 23:08:01,837 - WARNING - ∑≠“Î ß∞‹ (≥¢ ‘ 2/3): Kabuto... - ∑≠“ÎAPI¥ÌŒÛ: 411
2025-10-29 23:08:03,174 - WARNING - ∑≠“Î ß∞‹ (≥¢ ‘ 3/3): Kabuto... - ∑≠“ÎAPI¥ÌŒÛ: 411
2025-10-29 23:08:03,507 - WARNING - ∑≠“Î ß∞‹ (≥¢ ‘ 1/3): Kabutops... - ∑≠“ÎAPI¥ÌŒÛ: 411
2025-10-29 23:08:04,836 - WARNING - ∑≠“Î ß∞‹ (≥¢ ‘ 2/3): Kabutops... - ∑≠“ÎAPI¥ÌŒÛ: 411
2025-10-29 23:08:06,175 - WARNING - ∑≠“Î ß∞‹ (≥¢ ‘ 3/3): Kabutops... - ∑≠“ÎAPI¥ÌŒÛ: 411
2025-10-29 23:08:06,543 - WARNING - ∑≠“Î ß∞‹ (≥¢ ‘ 1/3): Aerodactyl... - ∑≠“ÎAPI¥ÌŒÛ: 411
2025-10-29 23:08:07,893 - WARNING - ∑≠“Î ß∞‹ (≥¢ ‘ 2/3): Aerodactyl... - ∑≠“ÎAPI¥ÌŒÛ: 411
2025-10-29 23:08:09,247 - WARNING - ∑≠“Î ß∞‹ (≥¢ ‘ 3/3): Aerodactyl... - ∑≠“ÎAPI¥ÌŒÛ: 411
2025-10-29 23:08:09,597 - WARNING - ∑≠“Î ß∞‹ (≥¢ ‘ 1/3): Snorlax... - ∑≠“ÎAPI¥ÌŒÛ: 411
2025-10-29 23:08:10,920 - WARNING - ∑≠“Î ß∞‹ (≥¢ ‘ 2/3): Snorlax... - ∑≠“ÎAPI¥ÌŒÛ: 411
2025-10-29 23:08:12,249 - WARNING - ∑≠“Î ß∞‹ (≥¢ ‘ 3/3): Snorlax... - ∑≠“ÎAPI¥ÌŒÛ: 102
2025-10-29 23:08:12,616 - WARNING - ∑≠“Î ß∞‹ (≥¢ ‘ 1/3): Articuno... - ∑≠“ÎAPI¥ÌŒÛ: 102
2025-10-29 23:08:13,996 - WARNING - ∑≠“Î ß∞‹ (≥¢ ‘ 2/3): Articuno... - ∑≠“ÎAPI¥ÌŒÛ: 102
2025-10-29 23:08:15,370 - WARNING - ∑≠“Î ß∞‹ (≥¢ ‘ 3/3): Articuno... - ∑≠“ÎAPI¥ÌŒÛ: 102
2025-10-29 23:08:15,712 - WARNING - ∑≠“Î ß∞‹ (≥¢ ‘ 1/3): Zapdos... - ∑≠“ÎAPI¥ÌŒÛ: 102
2025-10-29 23:08:17,034 - WARNING - ∑≠“Î ß∞‹ (≥¢ ‘ 2/3): Zapdos... - ∑≠“ÎAPI¥ÌŒÛ: 102
2025-10-29 23:08:18,395 - WARNING - ∑≠“Î ß∞‹ (≥¢ ‘ 3/3): Zapdos... - ∑≠“ÎAPI¥ÌŒÛ: 411
2025-10-29 23:08:18,758 - WARNING - ∑≠“Î ß∞‹ (≥¢ ‘ 1/3): Moltres... - ∑≠“ÎAPI¥ÌŒÛ: 411
2025-10-29 23:08:20,085 - WARNING - ∑≠“Î ß∞‹ (≥¢ ‘ 2/3): Moltres... - ∑≠“ÎAPI¥ÌŒÛ: 411
2025-10-29 23:08:21,426 - WARNING - ∑≠“Î ß∞‹ (≥¢ ‘ 3/3): Moltres... - ∑≠“ÎAPI¥ÌŒÛ: 411
2025-10-29 23:08:21,841 - WARNING - ∑≠“Î ß∞‹ (≥¢ ‘ 1/3): Dratini... - ∑≠“ÎAPI¥ÌŒÛ: 411
2025-10-29 23:08:23,222 - WARNING - ∑≠“Î ß∞‹ (≥¢ ‘ 2/3): Dratini... - ∑≠“ÎAPI¥ÌŒÛ: 411
2025-10-29 23:08:24,654 - WARNING - ∑≠“Î ß∞‹ (≥¢ ‘ 3/3): Dratini... - ∑≠“ÎAPI¥ÌŒÛ: 411
2025-10-29 23:08:25,065 - WARNING - ∑≠“Î ß∞‹ (≥¢ ‘ 1/3): Dragonair... - ∑≠“ÎAPI¥ÌŒÛ: 411
2025-10-29 23:08:26,499 - WARNING - ∑≠“Î ß∞‹ (≥¢ ‘ 2/3): Dragonair... - ∑≠“ÎAPI¥ÌŒÛ: 411
2025-10-29 23:08:27,857 - WARNING - ∑≠“Î ß∞‹ (≥¢ ‘ 3/3): Dragonair... - ∑≠“ÎAPI¥ÌŒÛ: 411
2025-10-29 23:08:28,195 - WARNING - ∑≠“Î ß∞‹ (≥¢ ‘ 1/3): Dragonite... - ∑≠“ÎAPI¥ÌŒÛ: 411
2025-10-29 23:08:29,576 - WARNING - ∑≠“Î ß∞‹ (≥¢ ‘ 2/3): Dragonite... - ∑≠“ÎAPI¥ÌŒÛ: 411
2025-10-29 23:08:30,918 - WARNING - ∑≠“Î ß∞‹ (≥¢ ‘ 3/3): Dragonite... - ∑≠“ÎAPI¥ÌŒÛ: 411
2025-10-29 23:08:31,261 - WARNING - ∑≠“Î ß∞‹ (≥¢ ‘ 1/3): Mewtwo... - ∑≠“ÎAPI¥ÌŒÛ: 411
2025-10-29 23:08:32,594 - WARNING - ∑≠“Î ß∞‹ (≥¢ ‘ 2/3): Mewtwo... - ∑≠“ÎAPI¥ÌŒÛ: 411
2025-10-29 23:08:33,933 - WARNING - ∑≠“Î ß∞‹ (≥¢ ‘ 3/3): Mewtwo... - ∑≠“ÎAPI¥ÌŒÛ: 411
2025-10-29 23:08:34,291 - WARNING - ∑≠“Î ß∞‹ (≥¢ ‘ 1/3): Mew... - ∑≠“ÎAPI¥ÌŒÛ: 411
2025-10-29 23:08:35,650 - WARNING - ∑≠“Î ß∞‹ (≥¢ ‘ 2/3): Mew... - ∑≠“ÎAPI¥ÌŒÛ: 411
2025-10-29 23:08:37,006 - WARNING - ∑≠“Î ß∞‹ (≥¢ ‘ 3/3): Mew... - ∑≠“ÎAPI¥ÌŒÛ: 411
2025-10-29 23:08:37,354 - WARNING - ∑≠“Î ß∞‹ (≥¢ ‘ 1/3): Chikorita... - ∑≠“ÎAPI¥ÌŒÛ: 411
2025-10-29 23:08:38,725 - WARNING - ∑≠“Î ß∞‹ (≥¢ ‘ 2/3): Chikorita... - ∑≠“ÎAPI¥ÌŒÛ: 411
2025-10-29 23:08:40,074 - WARNING - ∑≠“Î ß∞‹ (≥¢ ‘ 3/3): Chikorita... - ∑≠“ÎAPI¥ÌŒÛ: 411
2025-10-29 23:08:40,420 - WARNING - ∑≠“Î ß∞‹ (≥¢ ‘ 1/3): Bayleef... - ∑≠“ÎAPI¥ÌŒÛ: 411
2025-10-29 23:08:41,750 - WARNING - ∑≠“Î ß∞‹ (≥¢ ‘ 2/3): Bayleef... - ∑≠“ÎAPI¥ÌŒÛ: 411
2025-10-29 23:08:43,110 - WARNING - ∑≠“Î ß∞‹ (≥¢ ‘ 3/3): Bayleef... - ∑≠“ÎAPI¥ÌŒÛ: 102
2025-10-29 23:08:43,461 - WARNING - ∑≠“Î ß∞‹ (≥¢ ‘ 1/3): Meganium... - ∑≠“ÎAPI¥ÌŒÛ: 102
2025-10-29 23:08:44,807 - WARNING - ∑≠“Î ß∞‹ (≥¢ ‘ 2/3): Meganium... - ∑≠“ÎAPI¥ÌŒÛ: 102
2025-10-29 23:08:46,165 - WARNING - ∑≠“Î ß∞‹ (≥¢ ‘ 3/3): Meganium... - ∑≠“ÎAPI¥ÌŒÛ: 102
2025-10-29 23:08:46,519 - WARNING - ∑≠“Î ß∞‹ (≥¢ ‘ 1/3): Cyndaquil... - ∑≠“ÎAPI¥ÌŒÛ: 102
2025-10-29 23:08:47,913 - WARNING - ∑≠“Î ß∞‹ (≥¢ ‘ 2/3): Cyndaquil... - ∑≠“ÎAPI¥ÌŒÛ: 102
2025-10-29 23:08:49,278 - WARNING - ∑≠“Î ß∞‹ (≥¢ ‘ 3/3): Cyndaquil... - ∑≠“ÎAPI¥ÌŒÛ: 411
2025-10-29 23:08:49,666 - WARNING - ∑≠“Î ß∞‹ (≥¢ ‘ 1/3): Quilava... - ∑≠“ÎAPI¥ÌŒÛ: 411
2025-10-29 23:08:51,027 - WARNING - ∑≠“Î ß∞‹ (≥¢ ‘ 2/3): Quilava... - ∑≠“ÎAPI¥ÌŒÛ: 411
2025-10-29 23:08:52,360 - WARNING - ∑≠“Î ß∞‹ (≥¢ ‘ 3/3): Quilava... - ∑≠“ÎAPI¥ÌŒÛ: 411
2025-10-29 23:08:52,700 - WARNING - ∑≠“Î ß∞‹ (≥¢ ‘ 1/3): Typhlosion... - ∑≠“ÎAPI¥ÌŒÛ: 411
2025-10-29 23:08:54,087 - WARNING - ∑≠“Î ß∞‹ (≥¢ ‘ 2/3): Typhlosion... - ∑≠“ÎAPI¥ÌŒÛ: 411
2025-10-29 23:08:55,527 - WARNING - ∑≠“Î ß∞‹ (≥¢ ‘ 3/3): Typhlosion... - ∑≠“ÎAPI¥ÌŒÛ: 411
2025-10-29 23:08:55,910 - WARNING - ∑≠“Î ß∞‹ (≥¢ ‘ 1/3): Totodile... - ∑≠“ÎAPI¥ÌŒÛ: 411
2025-10-29 23:08:57,269 - WARNING - ∑≠“Î ß∞‹ (≥¢ ‘ 2/3): Totodile... - ∑≠“ÎAPI¥ÌŒÛ: 411
2025-10-29 23:08:58,619 - WARNING - ∑≠“Î ß∞‹ (≥¢ ‘ 3/3): Totodile... - ∑≠“ÎAPI¥ÌŒÛ: 411
2025-10-29 23:08:58,961 - WARNING - ∑≠“Î ß∞‹ (≥¢ ‘ 1/3): Croconaw... - ∑≠“ÎAPI¥ÌŒÛ: 411
2025-10-29 23:09:00,287 - WARNING - ∑≠“Î ß∞‹ (≥¢ ‘ 2/3): Croconaw... - ∑≠“ÎAPI¥ÌŒÛ: 411
2025-10-29 23:09:01,633 - WARNING - ∑≠“Î ß∞‹ (≥¢ ‘ 3/3): Croconaw... - ∑≠“ÎAPI¥ÌŒÛ: 411
2025-10-29 23:09:01,967 - WARNING - ∑≠“Î ß∞‹ (≥¢ ‘ 1/3): Feraligatr... - ∑≠“ÎAPI¥ÌŒÛ: 411
2025-10-29 23:09:03,321 - WARNING - ∑≠“Î ß∞‹ (≥¢ ‘ 2/3): Feraligatr... - ∑≠“ÎAPI¥ÌŒÛ: 411
2025-10-29 23:09:04,677 - WARNING - ∑≠“Î ß∞‹ (≥¢ ‘ 3/3): Feraligatr... - ∑≠“ÎAPI¥ÌŒÛ: 411
2025-10-29 23:09:05,019 - WARNING - ∑≠“Î ß∞‹ (≥¢ ‘ 1/3): Sentret... - ∑≠“ÎAPI¥ÌŒÛ: 411
2025-10-29 23:09:06,357 - WARNING - ∑≠“Î ß∞‹ (≥¢ ‘ 2/3): Sentret... - ∑≠“ÎAPI¥ÌŒÛ: 411
2025-10-29 23:09:07,748 - WARNING - ∑≠“Î ß∞‹ (≥¢ ‘ 3/3): Sentret... - ∑≠“ÎAPI¥ÌŒÛ: 411
2025-10-29 23:09:08,100 - WARNING - ∑≠“Î ß∞‹ (≥¢ ‘ 1/3): Furret... - ∑≠“ÎAPI¥ÌŒÛ: 411
2025-10-29 23:09:09,471 - WARNING - ∑≠“Î ß∞‹ (≥¢ ‘ 2/3): Furret... - ∑≠“ÎAPI¥ÌŒÛ: 411
2025-10-29 23:09:10,802 - WARNING - ∑≠“Î ß∞‹ (≥¢ ‘ 3/3): Furret... - ∑≠“ÎAPI¥ÌŒÛ: 411
2025-10-29 23:09:11,140 - WARNING - ∑≠“Î ß∞‹ (≥¢ ‘ 1/3): Hoothoot... - ∑≠“ÎAPI¥ÌŒÛ: 411
2025-10-29 23:09:12,499 - WARNING - ∑≠“Î ß∞‹ (≥¢ ‘ 2/3): Hoothoot... - ∑≠“ÎAPI¥ÌŒÛ: 411
2025-10-29 23:09:13,842 - WARNING - ∑≠“Î ß∞‹ (≥¢ ‘ 3/3): Hoothoot... - ∑≠“ÎAPI¥ÌŒÛ: 102
2025-10-29 23:09:14,162 - WARNING - ∑≠“Î ß∞‹ (≥¢ ‘ 1/3): Noctowl... - ∑≠“ÎAPI¥ÌŒÛ: 102
2025-10-29 23:09:15,485 - WARNING - ∑≠“Î ß∞‹ (≥¢ ‘ 2/3): Noctowl... - ∑≠“ÎAPI¥ÌŒÛ: 102
2025-10-29 23:09:16,833 - WARNING - ∑≠“Î ß∞‹ (≥¢ ‘ 3/3): Noctowl... - ∑≠“ÎAPI¥ÌŒÛ: 102
2025-10-29 23:09:17,173 - WARNING - ∑≠“Î ß∞‹ (≥¢ ‘ 1/3): Ledyba... - ∑≠“ÎAPI¥ÌŒÛ: 102
2025-10-29 23:09:18,513 - WARNING - ∑≠“Î ß∞‹ (≥¢ ‘ 2/3): Ledyba... - ∑≠“ÎAPI¥ÌŒÛ: 102
2025-10-29 23:09:19,872 - WARNING - ∑≠“Î ß∞‹ (≥¢ ‘ 3/3): Ledyba... - ∑≠“ÎAPI¥ÌŒÛ: 411
2025-10-29 23:09:20,258 - WARNING - ∑≠“Î ß∞‹ (≥¢ ‘ 1/3): Ledian... - ∑≠“ÎAPI¥ÌŒÛ: 411
2025-10-29 23:09:21,586 - WARNING - ∑≠“Î ß∞‹ (≥¢ ‘ 2/3): Ledian... - ∑≠“ÎAPI¥ÌŒÛ: 411
2025-10-29 23:09:22,919 - WARNING - ∑≠“Î ß∞‹ (≥¢ ‘ 3/3): Ledian... - ∑≠“ÎAPI¥ÌŒÛ: 411
2025-10-29 23:09:23,240 - WARNING - ∑≠“Î ß∞‹ (≥¢ ‘ 1/3): Spinarak... - ∑≠“ÎAPI¥ÌŒÛ: 411
2025-10-29 23:09:24,573 - WARNING - ∑≠“Î ß∞‹ (≥¢ ‘ 2/3): Spinarak... - ∑≠“ÎAPI¥ÌŒÛ: 411
2025-10-29 23:09:25,912 - WARNING - ∑≠“Î ß∞‹ (≥¢ ‘ 3/3): Spinarak... - ∑≠“ÎAPI¥ÌŒÛ: 411
2025-10-29 23:09:26,273 - WARNING - ∑≠“Î ß∞‹ (≥¢ ‘ 1/3): Ariados... - ∑≠“ÎAPI¥ÌŒÛ: 411
2025-10-29 23:09:27,614 - WARNING - ∑≠“Î ß∞‹ (≥¢ ‘ 2/3): Ariados... - ∑≠“ÎAPI¥ÌŒÛ: 411
2025-10-29 23:09:28,947 - WARNING - ∑≠“Î ß∞‹ (≥¢ ‘ 3/3): Ariados... - ∑≠“ÎAPI¥ÌŒÛ: 411
2025-10-29 23:09:29,294 - WARNING - ∑≠“Î ß∞‹ (≥¢ ‘ 1/3): Crobat... - ∑≠“ÎAPI¥ÌŒÛ: 411
2025-10-29 23:09:30,638 - WARNING - ∑≠“Î ß∞‹ (≥¢ ‘ 2/3): Crobat... - ∑≠“ÎAPI¥ÌŒÛ: 411
2025-10-29 23:09:31,987 - WARNING - ∑≠“Î ß∞‹ (≥¢ ‘ 3/3): Crobat... - ∑≠“ÎAPI¥ÌŒÛ: 411
2025-10-29 23:09:32,335 - WARNING - ∑≠“Î ß∞‹ (≥¢ ‘ 1/3): Chinchou... - ∑≠“ÎAPI¥ÌŒÛ: 411
2025-10-29 23:09:33,667 - WARNING - ∑≠“Î ß∞‹ (≥¢ ‘ 2/3): Chinchou... - ∑≠“ÎAPI¥ÌŒÛ: 411
2025-10-29 23:09:35,023 - WARNING - ∑≠“Î ß∞‹ (≥¢ ‘ 3/3): Chinchou... - ∑≠“ÎAPI¥ÌŒÛ: 411
2025-10-29 23:09:35,389 - WARNING - ∑≠“Î ß∞‹ (≥¢ ‘ 1/3): Lanturn... - ∑≠“ÎAPI¥ÌŒÛ: 411
2025-10-29 23:09:36,735 - WARNING - ∑≠“Î ß∞‹ (≥¢ ‘ 2/3): Lanturn... - ∑≠“ÎAPI¥ÌŒÛ: 411
2025-10-29 23:09:37,683 - INFO - ∑≠“Î±ª”√ªß÷–∂œ
2025-10-29 23:09:37,684 - INFO - ∑≠“ÎΩ· ¯
2025-10-29 23:11:03,805 - INFO - ø™ º¥” d:\switch\code\lm‘≠∞Ê\common_msbt_Export ∑≠“ÎŒƒº˛...
2025-10-29 23:11:03,806 - INFO - ’“µΩ 9 ∏ˆ–Ë“™∑≠“ÎµƒŒƒº˛
2025-10-29 23:11:03,806 - INFO - ø™ º∑≠“ÎŒƒº˛: english_dlp_whitelist_monsname.json
2025-10-29 23:13:21,885 - INFO - ∑≠“Î±ª”√ªß÷–∂œ
2025-10-29 23:13:21,887 - INFO - ∑≠“ÎΩ· ¯
2025-10-29 23:28:37,208 - INFO - º”‘ÿª∫¥Ê≥…π¶£¨π≤162Ãıº«¬º
2025-10-29 23:28:37,210 - INFO - ’“µΩ 9 ∏ˆ”¢ŒƒJSONŒƒº˛
2025-10-29 23:28:37,325 - INFO - π≤ ’ºØ 5081 ∏ˆ∑«ø’”¢Œƒ◊÷∑˚¥Æ–Ë“™∑≠“Î
2025-10-29 23:28:37,327 - INFO - …˙≥… ÷∂Ø∑≠“ÎŒƒº˛£¨∞¸∫¨ 5081 Ãı¥˝∑≠“Îƒ⁄»›
2025-10-29 23:28:37,334 - INFO -  ÷∂Ø∑≠“ÎŒƒº˛“—…˙≥…: manual_translation_needed.txt
2025-10-29 23:28:37,334 - INFO -  ’ºØÕÍ≥…£°«Î±‡º≠ 'manual_translation_needed.txt' Œƒº˛Ω¯–– ÷∂Ø∑≠“Î
